Component: ARM Compiler 5.06 update 7 (build 960) Tool: armlink [4d3601]

==============================================================================

Section Cross References

    startup_stm32f10x_md.o(RESET) refers to startup_stm32f10x_md.o(STACK) for __initial_sp
    startup_stm32f10x_md.o(RESET) refers to startup_stm32f10x_md.o(.text) for Reset_Handler
    startup_stm32f10x_md.o(RESET) refers to stm32f10x_it.o(i.NMI_Handler) for NMI_Handler
    startup_stm32f10x_md.o(RESET) refers to stm32f10x_it.o(i.HardFault_Handler) for HardFault_Handler
    startup_stm32f10x_md.o(RESET) refers to stm32f10x_it.o(i.MemManage_Handler) for MemManage_Handler
    startup_stm32f10x_md.o(RESET) refers to stm32f10x_it.o(i.BusFault_Handler) for BusFault_Handler
    startup_stm32f10x_md.o(RESET) refers to stm32f10x_it.o(i.UsageFault_Handler) for UsageFault_Handler
    startup_stm32f10x_md.o(RESET) refers to stm32f10x_it.o(i.SVC_Handler) for SVC_Handler
    startup_stm32f10x_md.o(RESET) refers to stm32f10x_it.o(i.DebugMon_Handler) for DebugMon_Handler
    startup_stm32f10x_md.o(RESET) refers to stm32f10x_it.o(i.PendSV_Handler) for PendSV_Handler
    startup_stm32f10x_md.o(RESET) refers to stm32f10x_it.o(i.SysTick_Handler) for SysTick_Handler
    startup_stm32f10x_md.o(RESET) refers to timer.o(i.TIM1_UP_IRQHandler) for TIM1_UP_IRQHandler
    startup_stm32f10x_md.o(RESET) refers to usart.o(i.USART1_IRQHandler) for USART1_IRQHandler
    startup_stm32f10x_md.o(RESET) refers to usart2.o(i.USART2_IRQHandler) for USART2_IRQHandler
    startup_stm32f10x_md.o(RESET) refers to usart3.o(i.USART3_IRQHandler) for USART3_IRQHandler
    startup_stm32f10x_md.o(.text) refers to system_stm32f10x.o(i.SystemInit) for SystemInit
    startup_stm32f10x_md.o(.text) refers to entry.o(.ARM.Collect$$$$00000000) for __main
    system_stm32f10x.o(i.SetSysClock) refers to system_stm32f10x.o(i.SetSysClockTo72) for SetSysClockTo72
    system_stm32f10x.o(i.SystemCoreClockUpdate) refers to system_stm32f10x.o(.data) for SystemCoreClock
    system_stm32f10x.o(i.SystemInit) refers to system_stm32f10x.o(i.SetSysClock) for SetSysClock
    stm32f10x_adc.o(i.ADC_DeInit) refers to stm32f10x_rcc.o(i.RCC_APB2PeriphResetCmd) for RCC_APB2PeriphResetCmd
    stm32f10x_bkp.o(i.BKP_DeInit) refers to stm32f10x_rcc.o(i.RCC_BackupResetCmd) for RCC_BackupResetCmd
    stm32f10x_can.o(i.CAN_DeInit) refers to stm32f10x_rcc.o(i.RCC_APB1PeriphResetCmd) for RCC_APB1PeriphResetCmd
    stm32f10x_can.o(i.CAN_GetITStatus) refers to stm32f10x_can.o(i.CheckITStatus) for CheckITStatus
    stm32f10x_cec.o(i.CEC_DeInit) refers to stm32f10x_rcc.o(i.RCC_APB1PeriphResetCmd) for RCC_APB1PeriphResetCmd
    stm32f10x_dac.o(i.DAC_DeInit) refers to stm32f10x_rcc.o(i.RCC_APB1PeriphResetCmd) for RCC_APB1PeriphResetCmd
    stm32f10x_flash.o(i.FLASH_EnableWriteProtection) refers to stm32f10x_flash.o(i.FLASH_WaitForLastOperation) for FLASH_WaitForLastOperation
    stm32f10x_flash.o(i.FLASH_EraseAllBank1Pages) refers to stm32f10x_flash.o(i.FLASH_WaitForLastBank1Operation) for FLASH_WaitForLastBank1Operation
    stm32f10x_flash.o(i.FLASH_EraseAllPages) refers to stm32f10x_flash.o(i.FLASH_WaitForLastOperation) for FLASH_WaitForLastOperation
    stm32f10x_flash.o(i.FLASH_EraseOptionBytes) refers to stm32f10x_flash.o(i.FLASH_GetReadOutProtectionStatus) for FLASH_GetReadOutProtectionStatus
    stm32f10x_flash.o(i.FLASH_EraseOptionBytes) refers to stm32f10x_flash.o(i.FLASH_WaitForLastOperation) for FLASH_WaitForLastOperation
    stm32f10x_flash.o(i.FLASH_ErasePage) refers to stm32f10x_flash.o(i.FLASH_WaitForLastOperation) for FLASH_WaitForLastOperation
    stm32f10x_flash.o(i.FLASH_ProgramHalfWord) refers to stm32f10x_flash.o(i.FLASH_WaitForLastOperation) for FLASH_WaitForLastOperation
    stm32f10x_flash.o(i.FLASH_ProgramOptionByteData) refers to stm32f10x_flash.o(i.FLASH_WaitForLastOperation) for FLASH_WaitForLastOperation
    stm32f10x_flash.o(i.FLASH_ProgramWord) refers to stm32f10x_flash.o(i.FLASH_WaitForLastOperation) for FLASH_WaitForLastOperation
    stm32f10x_flash.o(i.FLASH_ReadOutProtection) refers to stm32f10x_flash.o(i.FLASH_WaitForLastOperation) for FLASH_WaitForLastOperation
    stm32f10x_flash.o(i.FLASH_UserOptionByteConfig) refers to stm32f10x_flash.o(i.FLASH_WaitForLastOperation) for FLASH_WaitForLastOperation
    stm32f10x_flash.o(i.FLASH_WaitForLastBank1Operation) refers to stm32f10x_flash.o(i.FLASH_GetBank1Status) for FLASH_GetBank1Status
    stm32f10x_flash.o(i.FLASH_WaitForLastOperation) refers to stm32f10x_flash.o(i.FLASH_GetBank1Status) for FLASH_GetBank1Status
    stm32f10x_gpio.o(i.GPIO_AFIODeInit) refers to stm32f10x_rcc.o(i.RCC_APB2PeriphResetCmd) for RCC_APB2PeriphResetCmd
    stm32f10x_gpio.o(i.GPIO_DeInit) refers to stm32f10x_rcc.o(i.RCC_APB2PeriphResetCmd) for RCC_APB2PeriphResetCmd
    stm32f10x_i2c.o(i.I2C_DeInit) refers to stm32f10x_rcc.o(i.RCC_APB1PeriphResetCmd) for RCC_APB1PeriphResetCmd
[...]
    .ARM.Collect$$$$00000008                 0x080000f4   Section        0  entry7b.o(.ARM.Collect$$$$00000008)
    .ARM.Collect$$$$0000000A                 0x080000f4   Section        0  entry8b.o(.ARM.Collect$$$$0000000A)
    .ARM.Collect$$$$0000000B                 0x080000f4   Section        8  entry9a.o(.ARM.Collect$$$$0000000B)
    .ARM.Collect$$$$0000000E                 0x080000fc   Section        4  entry12b.o(.ARM.Collect$$$$0000000E)
    .ARM.Collect$$$$0000000F                 0x08000100   Section        0  entry10a.o(.ARM.Collect$$$$0000000F)
    .ARM.Collect$$$$00000011                 0x08000100   Section        0  entry11a.o(.ARM.Collect$$$$00000011)
    .ARM.Collect$$$$00002712                 0x08000100   Section        4  entry2.o(.ARM.Collect$$$$00002712)
    __lit__00000000                          0x08000100   Data           4  entry2.o(.ARM.Collect$$$$00002712)
    .text                                    0x08000104   Section       36  startup_stm32f10x_md.o(.text)
    .text                                    0x08000128   Section        0  memcpya.o(.text)
    .text                                    0x0800014c   Section        0  memseta.o(.text)
    .text                                    0x08000170   Section        0  strstr.o(.text)
    .text                                    0x08000194   Section        0  atoi.o(.text)
    .text                                    0x080001ae   Section        0  fmul.o(.text)
    .text                                    0x08000212   Section        0  fdiv.o(.text)
    .text                                    0x0800028e   Section        0  dmul.o(.text)
    .text                                    0x08000372   Section        0  ddiv.o(.text)
    .text                                    0x08000450   Section        0  ffltui.o(.text)
    .text                                    0x0800045a   Section        0  dflti.o(.text)
    .text                                    0x0800047c   Section        0  ffixi.o(.text)
    .text                                    0x080004ae   Section        0  dfixui.o(.text)
    .text                                    0x080004e0   Section        0  f2d.o(.text)
    .text                                    0x08000508   Section       48  cdrcmple.o(.text)
    .text                                    0x08000538   Section        0  d2f.o(.text)
    .text                                    0x08000570   Section        0  uidiv.o(.text)
    .text                                    0x0800059c   Section        0  uldiv.o(.text)
    .text                                    0x080005fe   Section        0  llushr.o(.text)
    .text                                    0x08000620   Section        0  strtod.o(.text)
    _local_sscanf                            0x08000621   Thumb Code    54  strtod.o(.text)
    .text                                    0x080006bc   Section        0  strtol.o(.text)
    .text                                    0x0800072c   Section        0  fepilogue.o(.text)
    .text                                    0x0800072c   Section        0  iusefp.o(.text)
    .text                                    0x0800079a   Section        0  depilogue.o(.text)
    .text                                    0x08000854   Section        0  dadd.o(.text)
    .text                                    0x080009a2   Section        0  dsqrt.o(.text)
    .text                                    0x08000a44   Section        0  dfixul.o(.text)
    .text                                    0x08000a74   Section       48  cdcmple.o(.text)
    .text                                    0x08000aa4   Section       36  init.o(.text)
    .text                                    0x08000ac8   Section        0  llshl.o(.text)
    .text                                    0x08000ae6   Section        0  llsshr.o(.text)
    .text                                    0x08000b0c   Section        0  ctype_o.o(.text)
    .text                                    0x08000b14   Section        0  isspace_o.o(.text)
    .text                                    0x08000b28   Section        0  scanf_fp.o(.text)
    _fp_value                                0x08000b29   Thumb Code   296  scanf_fp.o(.text)
    .text                                    0x08000e88   Section        0  _sgetc.o(.text)
    .text                                    0x08000ec8   Section        0  _strtoul.o(.text)
    .text                                    0x08000f66   Section        0  dscalb.o(.text)
    .text                                    0x08000f94   Section        0  _chval.o(.text)
    .text                                    0x08000fb0   Section        0  dfltul.o(.text)
    i.BusFault_Handler                       0x08000fc8   Section        0  stm32f10x_it.o(i.BusFault_Handler)
    i.DebugMon_Handler                       0x08000fcc   Section        0  stm32f10x_it.o(i.DebugMon_Handler)
    i.Delay_ms                               0x08000fce   Section        0  delay.o(i.Delay_ms)
    i.Delay_us                               0x08000fe6   Section        0  delay.o(i.Delay_us)
    i.GPIO_Init                              0x08001014   Section        0  stm32f10x_gpio.o(i.GPIO_Init)
    i.GPIO_PinRemapConfig                    0x0800112c   Section        0  stm32f10x_gpio.o(i.GPIO_PinRemapConfig)
    i.GPIO_ReadInputDataBit                  0x080011bc   Section        0  stm32f10x_gpio.o(i.GPIO_ReadInputDataBit)
    i.GPIO_ReadOutputDataBit                 0x080011ce   Section        0  stm32f10x_gpio.o(i.GPIO_ReadOutputDataBit)
    i.GPIO_ResetBits                         0x080011e0   Section        0  stm32f10x_gpio.o(i.GPIO_ResetBits)
    i.GPIO_SetBits                           0x080011e4   Section        0  stm32f10x_gpio.o(i.GPIO_SetBits)
    i.GPIO_WriteBit                          0x080011e8   Section        0  stm32f10x_gpio.o(i.GPIO_WriteBit)
    i.HardFault_Handler                      0x080011f2   Section        0  stm32f10x_it.o(i.HardFault_Handler)
    i.IIC_Start                              0x080011f8   Section        0  oled.o(i.IIC_Start)
    i.IIC_Stop                               0x08001220   Section        0  oled.o(i.IIC_Stop)
    i.IIC_WaitAck                            0x08001240   Section        0  oled.o(i.IIC_WaitAck)
    i.IIC_WriteByte                          0x08001258   Section        0  oled.o(i.IIC_WriteByte)
    i.IIC_WriteCommand                       0x080012ac   Section        0  oled.o(i.IIC_WriteCommand)
    i.IIC_WriteData                          0x080012d8   Section        0  oled.o(i.IIC_WriteData)
    i.Key_GetNum                             0x08001304   Section        0  key.o(i.Key_GetNum)
    i.Key_Init                               0x08001344   Section        0  key.o(i.Key_Init)
    i.LED1_Turn                              0x08001370   Section        0  led.o(i.LED1_Turn)
    i.LED_Init                               0x0800139c   Section        0  led.o(i.LED_Init)
    i.MAX30102_IIC_Ack                       0x080013d4   Section        0  max30102.o(i.MAX30102_IIC_Ack)
    i.MAX30102_IIC_Init                      0x0800140c   Section        0  max30102.o(i.MAX30102_IIC_Init)
    i.MAX30102_IIC_NAck                      0x0800144c   Section        0  max30102.o(i.MAX30102_IIC_NAck)
    i.MAX30102_IIC_Read_Byte                 0x08001484   Section        0  max30102.o(i.MAX30102_IIC_Read_Byte)
    i.MAX30102_IIC_SDA_IN                    0x080014dc   Section        0  max30102.o(i.MAX30102_IIC_SDA_IN)
    i.MAX30102_IIC_SDA_OUT                   0x08001500   Section        0  max30102.o(i.MAX30102_IIC_SDA_OUT)
    i.MAX30102_IIC_Send_Byte                 0x08001524   Section        0  max30102.o(i.MAX30102_IIC_Send_Byte)
    i.MAX30102_IIC_Start                     0x08001574   Section        0  max30102.o(i.MAX30102_IIC_Start)
    i.MAX30102_IIC_Stop                      0x080015ac   Section        0  max30102.o(i.MAX30102_IIC_Stop)
    i.MAX30102_IIC_Wait_Ack                  0x080015e0   Section        0  max30102.o(i.MAX30102_IIC_Wait_Ack)
    i.MAX30102_Init                          0x0800162c   Section        0  max30102.o(i.MAX30102_Init)
    i.MAX30102_Reset                         0x080016d0   Section        0  max30102.o(i.MAX30102_Reset)
    i.MPU6050_GetData                        0x080016e4   Section        0  mpu6050.o(i.MPU6050_GetData)
    i.MPU6050_Init                           0x08001790   Section        0  mpu6050.o(i.MPU6050_Init)
    i.MPU6050_ReadReg                        0x080017c8   Section        0  mpu6050.o(i.MPU6050_ReadReg)
    i.MPU6050_WriteReg                       0x08001806   Section        0  mpu6050.o(i.MPU6050_WriteReg)
    i.MemManage_Handler                      0x08001834   Section        0  stm32f10x_it.o(i.MemManage_Handler)
    i.MyI2C_Init                             0x08001838   Section        0  myi2c.o(i.MyI2C_Init)
    i.MyI2C_R_SDA                            0x08001878   Section        0  myi2c.o(i.MyI2C_R_SDA)
    i.MyI2C_ReceiveAck                       0x08001894   Section        0  myi2c.o(i.MyI2C_ReceiveAck)
    i.MyI2C_ReceiveByte                      0x080018b2   Section        0  myi2c.o(i.MyI2C_ReceiveByte)
    i.MyI2C_SendAck                          0x080018e6   Section        0  myi2c.o(i.MyI2C_SendAck)
    i.MyI2C_SendByte                         0x080018fe   Section        0  myi2c.o(i.MyI2C_SendByte)
    i.MyI2C_Start                            0x08001928   Section        0  myi2c.o(i.MyI2C_Start)
    i.MyI2C_Stop                             0x08001944   Section        0  myi2c.o(i.MyI2C_Stop)
    i.MyI2C_W_SCL                            0x0800195c   Section        0  myi2c.o(i.MyI2C_W_SCL)
    i.MyI2C_W_SDA                            0x08001978   Section        0  myi2c.o(i.MyI2C_W_SDA)
    i.NMI_Handler                            0x08001994   Section        0  stm32f10x_it.o(i.NMI_Handler)
    i.NVIC_Init                              0x08001998   Section        0  misc.o(i.NVIC_Init)
    i.NVIC_PriorityGroupConfig               0x08001a08   Section        0  misc.o(i.NVIC_PriorityGroupConfig)
    i.OLED_Clear                             0x08001a1c   Section        0  oled.o(i.OLED_Clear)
    i.OLED_Init                              0x08001a5c   Section        0  oled.o(i.OLED_Init)
    i.OLED_SetPos                            0x08001b94   Section        0  oled.o(i.OLED_SetPos)
    i.OLED_ShowChar                          0x08001bbc   Section        0  oled.o(i.OLED_ShowChar)
    i.OLED_ShowNum                           0x08001c60   Section        0  oled.o(i.OLED_ShowNum)
    i.OLED_ShowString                        0x08001ce8   Section        0  oled.o(i.OLED_ShowString)
    i.OLED_WR_Byte                           0x08001d22   Section        0  oled.o(i.OLED_WR_Byte)
    i.PendSV_Handler                         0x08001d3a   Section        0  stm32f10x_it.o(i.PendSV_Handler)
    i.RCC_APB1PeriphClockCmd                 0x08001d3c   Section        0  stm32f10x_rcc.o(i.RCC_APB1PeriphClockCmd)
    i.RCC_APB1PeriphResetCmd                 0x08001d5c   Section        0  stm32f10x_rcc.o(i.RCC_APB1PeriphResetCmd)
    i.RCC_APB2PeriphClockCmd                 0x08001d7c   Section        0  stm32f10x_rcc.o(i.RCC_APB2PeriphClockCmd)
    i.RCC_APB2PeriphResetCmd                 0x08001d9c   Section        0  stm32f10x_rcc.o(i.RCC_APB2PeriphResetCmd)
    i.RCC_GetClocksFreq                      0x08001dbc   Section        0  stm32f10x_rcc.o(i.RCC_GetClocksFreq)
    i.SVC_Handler                            0x08001e90   Section        0  stm32f10x_it.o(i.SVC_Handler)
    i.SetSysClock                            0x08001e92   Section        0  system_stm32f10x.o(i.SetSysClock)
    SetSysClock                              0x08001e93   Thumb Code     8  system_stm32f10x.o(i.SetSysClock)
    i.SetSysClockTo72                        0x08001e9c   Section        0  system_stm32f10x.o(i.SetSysClockTo72)
    SetSysClockTo72                          0x08001e9d   Thumb Code   214  system_stm32f10x.o(i.SetSysClockTo72)
    i.Shake_Init                             0x08001f7c   Section        0  buzzer.o(i.Shake_Init)
    i.Shake_OFF                              0x08001fa8   Section        0  buzzer.o(i.Shake_OFF)
    i.Shake_ON                               0x08001fbc   Section        0  buzzer.o(i.Shake_ON)
    i.SysTick_Handler                        0x08001fd0   Section        0  stm32f10x_it.o(i.SysTick_Handler)
    i.SystemInit                             0x08001fd4   Section        0  system_stm32f10x.o(i.SystemInit)
    i.TIM1_UP_IRQHandler                     0x08002034   Section        0  timer.o(i.TIM1_UP_IRQHandler)
    i.TIM_ClearITPendingBit                  0x08002050   Section        0  stm32f10x_tim.o(i.TIM_ClearITPendingBit)
    i.TIM_GetITStatus                        0x08002056   Section        0  stm32f10x_tim.o(i.TIM_GetITStatus)
    i.USART1_IRQHandler                      0x08002078   Section        0  usart.o(i.USART1_IRQHandler)
    i.USART2_IRQHandler                      0x08002100   Section        0  usart2.o(i.USART2_IRQHandler)
    i.USART3_IRQHandler                      0x080021b0   Section        0  usart3.o(i.USART3_IRQHandler)
    i.USART_Cmd                              0x080021d4   Section        0  stm32f10x_usart.o(i.USART_Cmd)
    i.USART_DeInit                           0x080021ec   Section        0  stm32f10x_usart.o(i.USART_DeInit)
    i.USART_GetFlagStatus                    0x08002288   Section        0  stm32f10x_usart.o(i.USART_GetFlagStatus)
    i.USART_GetITStatus                      0x080022a2   Section        0  stm32f10x_usart.o(i.USART_GetITStatus)
    i.USART_ITConfig                         0x080022f6   Section        0  stm32f10x_usart.o(i.USART_ITConfig)
    i.USART_Init                             0x08002340   Section        0  stm32f10x_usart.o(i.USART_Init)
    i.USART_ReceiveData                      0x08002418   Section        0  stm32f10x_usart.o(i.USART_ReceiveData)
    i.USART_SendData                         0x08002422   Section        0  stm32f10x_usart.o(i.USART_SendData)
    i.UsageFault_Handler                     0x0800242a   Section        0  stm32f10x_it.o(i.UsageFault_Handler)
    i.Usart3_SendByte                        0x08002430   Section        0  usart3.o(i.Usart3_SendByte)
    i.Usart3_SendString                      0x08002450   Section        0  usart3.o(i.Usart3_SendString)
    i.__0printf                              0x0800246c   Section        0  printfa.o(i.__0printf)
    i.__0sprintf                             0x0800248c   Section        0  printfa.o(i.__0sprintf)
    i.__ARM_fpclassify                       0x080024b4   Section        0  fpclassify.o(i.__ARM_fpclassify)
    i.__aeabi_errno_addr                     0x080024dc   Section        0  errno.o(i.__aeabi_errno_addr)
    i.__kernel_poly                          0x080024e4   Section        0  poly.o(i.__kernel_poly)
    i.__mathlib_dbl_infnan                   0x0800258e   Section        0  dunder.o(i.__mathlib_dbl_infnan)
    i.__mathlib_dbl_infnan2                  0x08002594   Section        0  dunder.o(i.__mathlib_dbl_infnan2)
    i.__mathlib_dbl_underflow                0x08002598   Section        0  dunder.o(i.__mathlib_dbl_underflow)
    i.__scatterload_copy                     0x080025a8   Section       14  handlers.o(i.__scatterload_copy)
    i.__scatterload_null                     0x080025b6   Section        2  handlers.o(i.__scatterload_null)
    i.__scatterload_zeroinit                 0x080025b8   Section       14  handlers.o(i.__scatterload_zeroinit)
    i.__set_errno                            0x080025c8   Section        0  errno.o(i.__set_errno)
    i._fp_digits                             0x080025d4   Section        0  printfa.o(i._fp_digits)
    _fp_digits                               0x080025d5   Thumb Code   366  printfa.o(i._fp_digits)
    i._is_digit                              0x08002758   Section        0  scanf_fp.o(i._is_digit)
    i._printf_core                           0x08002768   Section        0  printfa.o(i._printf_core)
    _printf_core                             0x08002769   Thumb Code  1704  printfa.o(i._printf_core)
    i._printf_post_padding                   0x08002e1c   Section        0  printfa.o(i._printf_post_padding)
    _printf_post_padding                     0x08002e1d   Thumb Code    36  printfa.o(i._printf_post_padding)
    i._printf_pre_padding                    0x08002e40   Section        0  printfa.o(i._printf_pre_padding)
    _printf_pre_padding                      0x08002e41   Thumb Code    46  printfa.o(i._printf_pre_padding)
    i._sputc                                 0x08002e6e   Section        0  printfa.o(i._sputc)
    _sputc                                   0x08002e6f   Thumb Code    10  printfa.o(i._sputc)
    i.app_init                               0x08002e78   Section        0  app.o(i.app_init)
    i.app_run                                0x08002ec2   Section        0  app.o(i.app_run)
    i.atan                                   0x08002edc   Section        0  atan.o(i.atan)
    i.atan2                                  0x080030fc   Section        0  atan2.o(i.atan2)
    i.bluetooth_deal                         0x08003298   Section        0  usart3.o(i.bluetooth_deal)
    i.calculate_angles                       0x08003374   Section        0  app.o(i.calculate_angles)
    i.detect_fall                            0x0800342c   Section        0  app.o(i.detect_fall)
    i.fputc                                  0x0800349c   Section        0  usart.o(i.fputc)
    i.key_deal                               0x080034c0   Section        0  app.o(i.key_deal)
    i.main                                   0x080034ec   Section        0  main.o(i.main)
    i.max30102_Bus_Read                      0x080034f8   Section        0  max30102.o(i.max30102_Bus_Read)
    i.max30102_Bus_Write                     0x0800354a   Section        0  max30102.o(i.max30102_Bus_Write)
    i.max30102_FIFO_ReadBytes                0x0800358e   Section        0  max30102.o(i.max30102_FIFO_ReadBytes)
    i.max_init                               0x08003610   Section        0  max30102.o(i.max_init)
    i.max_show                               0x08003738   Section        0  max30102.o(i.max_show)
    i.maxim_find_peaks                       0x08003a34   Section        0  max30102.o(i.maxim_find_peaks)
    i.maxim_heart_rate_and_oxygen_saturation 0x08003a78   Section        0  max30102.o(i.maxim_heart_rate_and_oxygen_saturation)
    i.maxim_peaks_above_min_height           0x08003f78   Section        0  max30102.o(i.maxim_peaks_above_min_height)
    i.maxim_remove_close_peaks               0x08003ff2   Section        0  max30102.o(i.maxim_remove_close_peaks)
    i.maxim_sort_ascend                      0x08004064   Section        0  max30102.o(i.maxim_sort_ascend)
    i.maxim_sort_indices_descend             0x0800409a   Section        0  max30102.o(i.maxim_sort_indices_descend)
    i.my_mem_free                            0x080040dc   Section        0  malloc.o(i.my_mem_free)
    i.my_mem_init                            0x08004148   Section        0  malloc.o(i.my_mem_init)
    i.my_mem_malloc                          0x0800418c   Section        0  malloc.o(i.my_mem_malloc)
    i.my_mem_perused                         0x08004234   Section        0  malloc.o(i.my_mem_perused)
    i.myfree                                 0x08004274   Section        0  malloc.o(i.myfree)
    i.mymalloc                               0x08004298   Section        0  malloc.o(i.mymalloc)
    i.mymemset                               0x080042c0   Section        0  malloc.o(i.mymemset)
    i.oled_pow                               0x080042d4   Section        0  oled.o(i.oled_pow)
    i.oled_show                              0x080042ec   Section        0  app.o(i.oled_show)
    i.parseGpsBuffer                         0x08004484   Section        0  gps.o(i.parseGpsBuffer)
    i.printfGpsBuffer                        0x080045a4   Section        0  gps.o(i.printfGpsBuffer)
    i.sqrt                                   0x0800467c   Section        0  sqrt.o(i.sqrt)
    i.strtod                                 0x080046c8   Section        0  strtod.o(i.strtod)
    i.uart_init                              0x080046e4   Section        0  usart.o(i.uart_init)
    i.usart2_init                            0x0800478c   Section        0  usart2.o(i.usart2_init)
    i.usart3_init                            0x08004830   Section        0  usart3.o(i.usart3_init)
    .constdata                               0x080048d8   Section        4  gps.o(.constdata)
    .constdata                               0x080048dc   Section       24  malloc.o(.constdata)
    .constdata                               0x080048f4   Section     2200  oled.o(.constdata)
    .constdata                               0x0800518c   Section      246  max30102.o(.constdata)
    .constdata                               0x08005288   Section      152  atan.o(.constdata)
    atanhi                                   0x08005288   Data          32  atan.o(.constdata)
    atanlo                                   0x080052a8   Data          32  atan.o(.constdata)
    aTodd                                    0x080052c8   Data          40  atan.o(.constdata)
    aTeven                                   0x080052f0   Data          48  atan.o(.constdata)
    .constdata                               0x08005320   Section        8  qnan.o(.constdata)
    .constdata                               0x08005328   Section      129  ctype_o.o(.constdata)
    .constdata                               0x080053ac   Section        4  ctype_o.o(.constdata)
    table                                    0x080053ac   Data           4  ctype_o.o(.constdata)
    .data                                    0x20000000   Section       20  stm32f10x_rcc.o(.data)
    APBAHBPrescTable                         0x20000000   Data          16  stm32f10x_rcc.o(.data)
    ADCPrescTable                            0x20000010   Data           4  stm32f10x_rcc.o(.data)
    .data                                    0x20000014   Section       36  app.o(.data)
    .data                                    0x20000038   Section       28  gps.o(.data)
    .data                                    0x20000054   Section       28  malloc.o(.data)
    .data                                    0x20000070   Section       68  max30102.o(.data)
    .data                                    0x200000b4   Section        2  usart.o(.data)
    .data                                    0x200000b6   Section        2  usart2.o(.data)
    .data                                    0x200000b8   Section        4  stdout.o(.data)
    .data                                    0x200000bc   Section        4  errno.o(.data)
    _errno                                   0x200000bc   Data           4  errno.o(.data)
    .bss                                     0x200000c0   Section      440  gps.o(.bss)
    .bss                                     0x20000280   Section     1088  malloc.o(.bss)
    .bss                                     0x200006c0   Section    10084  max30102.o(.bss)
    an_dx                                    0x200016c4   Data        1984  max30102.o(.bss)
    an_x                                     0x20001e84   Data        2000  max30102.o(.bss)
    an_y                                     0x20002654   Data        2000  max30102.o(.bss)
    .bss                                     0x20002e24   Section      200  usart.o(.bss)
    STACK                                    0x20002ef0   Section     1024  startup_stm32f10x_md.o(STACK)
    .ARM.__AT_0x68000000                     0x68000000   Section       32  malloc.o(.ARM.__AT_0x68000000)
    .ARM.__AT_0x68000020                     0x68000020   Section        2  malloc.o(.ARM.__AT_0x68000020)

    Global Symbols

    Symbol Name                              Value     Ov Type        Size  Object(Section)

    BuildAttributes$$THM_ISAv4$P$D$K$B$S$PE$A:L22UL41UL21$X:L11$S22US41US21$IEEE1$IW$USESV6$~STKCKD$USESV7$~SHL$OTIME$ROPI$IEEEX$EBA8$MICROLIB$REQ8$PRES8$EABIv2 0x00000000   Number         0  anon$$obj.o ABSOLUTE
    __ARM_use_no_argv                        0x00000000   Number         0  main.o ABSOLUTE
    _printf_a                                0x00000000   Number         0  stubs.o ABSOLUTE
    _printf_c                                0x00000000   Number         0  stubs.o ABSOLUTE
    _printf_charcount                        0x00000000   Number         0  stubs.o ABSOLUTE
    _printf_d                                0x00000000   Number         0  stubs.o ABSOLUTE
    _printf_e                                0x00000000   Number         0  stubs.o ABSOLUTE
    _printf_f                                0x00000000   Number         0  stubs.o ABSOLUTE
    _printf_flags                            0x00000000   Number         0  stubs.o ABSOLUTE
    _printf_fp_dec                           0x00000000   Number         0  stubs.o ABSOLUTE
    _printf_fp_hex                           0x00000000   Number         0  stubs.o ABSOLUTE
    _printf_g                                0x00000000   Number         0  stubs.o ABSOLUTE
    _printf_i                                0x00000000   Number         0  stubs.o ABSOLUTE
    _printf_int_dec                          0x00000000   Number         0  stubs.o ABSOLUTE
    _printf_l                                0x00000000   Number         0  stubs.o ABSOLUTE
    _printf_lc                               0x00000000   Number         0  stubs.o ABSOLUTE
    _printf_ll                               0x00000000   Number         0  stubs.o ABSOLUTE
    _printf_lld                              0x00000000   Number         0  stubs.o ABSOLUTE
    _printf_lli                              0x00000000   Number         0  stubs.o ABSOLUTE
    _printf_llo                              0x00000000   Number         0  stubs.o ABSOLUTE
    _printf_llu                              0x00000000   Number         0  stubs.o ABSOLUTE
    _printf_llx                              0x00000000   Number         0  stubs.o ABSOLUTE
    _printf_longlong_dec                     0x00000000   Number         0  stubs.o ABSOLUTE
    _printf_longlong_hex                     0x00000000   Number         0  stubs.o ABSOLUTE
    _printf_longlong_oct                     0x00000000   Number         0  stubs.o ABSOLUTE
    _printf_ls                               0x00000000   Number         0  stubs.o ABSOLUTE
    _printf_mbtowc                           0x00000000   Number         0  stubs.o ABSOLUTE
    _printf_n                                0x00000000   Number         0  stubs.o ABSOLUTE
    _printf_o                                0x00000000   Number         0  stubs.o ABSOLUTE
    _printf_p                                0x00000000   Number         0  stubs.o ABSOLUTE
    _printf_percent                          0x00000000   Number         0  stubs.o ABSOLUTE
    _printf_pre_padding                      0x00000000   Number         0  stubs.o ABSOLUTE
    _printf_return_value                     0x00000000   Number         0  stubs.o ABSOLUTE
    _printf_s                                0x00000000   Number         0  stubs.o ABSOLUTE
    _printf_sizespec                         0x00000000   Number         0  stubs.o ABSOLUTE
    _printf_str                              0x00000000   Number         0  stubs.o ABSOLUTE
    _printf_truncate_signed                  0x00000000   Number         0  stubs.o ABSOLUTE
    _printf_truncate_unsigned                0x00000000   Number         0  stubs.o ABSOLUTE
    _printf_u                                0x00000000   Number         0  stubs.o ABSOLUTE
    _printf_wc                               0x00000000   Number         0  stubs.o ABSOLUTE
    _printf_wctomb                           0x00000000   Number         0  stubs.o ABSOLUTE
    _printf_widthprec                        0x00000000   Number         0  stubs.o ABSOLUTE
    _printf_x                                0x00000000   Number         0  stubs.o ABSOLUTE
    __arm_fini_                               - Undefined Weak Reference
    __cpp_initialize__aeabi_                  - Undefined Weak Reference
    __cxa_finalize                            - Undefined Weak Reference
    __decompress                              - Undefined Weak Reference
    _clock_init                               - Undefined Weak Reference
    _microlib_exit                            - Undefined Weak Reference
    __Vectors_Size                           0x000000ec   Number         0  startup_stm32f10x_md.o ABSOLUTE
    __Vectors                                0x08000000   Data           4  startup_stm32f10x_md.o(RESET)
    __Vectors_End                            0x080000ec   Data           0  startup_stm32f10x_md.o(RESET)
    __main                                   0x080000ed   Thumb Code     0  entry.o(.ARM.Collect$$$$00000000)
    _main_stk                                0x080000ed   Thumb Code     0  entry2.o(.ARM.Collect$$$$00000001)
    _main_scatterload                        0x080000f1   Thumb Code     0  entry5.o(.ARM.Collect$$$$00000004)
    __main_after_scatterload                 0x080000f5   Thumb Code     0  entry5.o(.ARM.Collect$$$$00000004)
    _main_clock                              0x080000f5   Thumb Code     0  entry7b.o(.ARM.Collect$$$$00000008)
    _main_cpp_init                           0x080000f5   Thumb Code     0  entry8b.o(.ARM.Collect$$$$0000000A)
    _main_init                               0x080000f5   Thumb Code     0  entry9a.o(.ARM.Collect$$$$0000000B)
    __rt_lib_shutdown_fini                   0x080000fd   Thumb Code     0  entry12b.o(.ARM.Collect$$$$0000000E)
    __rt_final_cpp                           0x08000101   Thumb Code     0  entry10a.o(.ARM.Collect$$$$0000000F)
    __rt_final_exit                          0x08000101   Thumb Code     0  entry11a.o(.ARM.Collect$$$$00000011)
    Reset_Handler                            0x08000105   Thumb Code     8  startup_stm32f10x_md.o(.text)
    ADC1_2_IRQHandler                        0x0800011f   Thumb Code     0  startup_stm32f10x_md.o(.text)
    CAN1_RX1_IRQHandler                      0x0800011f   Thumb Code     0  startup_stm32f10x_md.o(.text)
    CAN1_SCE_IRQHandler                      0x0800011f   Thumb Code     0  startup_stm32f10x_md.o(.text)
    DMA1_Channel1_IRQHandler                 0x0800011f   Thumb Code     0  startup_stm32f10x_md.o(.text)
    DMA1_Channel2_IRQHandler                 0x0800011f   Thumb Code     0  startup_stm32f10x_md.o(.text)
    DMA1_Channel3_IRQHandler                 0x0800011f   Thumb Code     0  startup_stm32f10x_md.o(.text)
    DMA1_Channel4_IRQHandler                 0x0800011f   Thumb Code     0  startup_stm32f10x_md.o(.text)
    DMA1_Channel5_IRQHandler                 0x0800011f   Thumb Code     0  startup_stm32f10x_md.o(.text)
    DMA1_Channel6_IRQHandler                 0x0800011f   Thumb Code     0  startup_stm32f10x_md.o(.text)
    DMA1_Channel7_IRQHandler                 0x0800011f   Thumb Code     0  startup_stm32f10x_md.o(.text)
    EXTI0_IRQHandler                         0x0800011f   Thumb Code     0  startup_stm32f10x_md.o(.text)
    EXTI15_10_IRQHandler                     0x0800011f   Thumb Code     0  startup_stm32f10x_md.o(.text)
    EXTI1_IRQHandler                         0x0800011f   Thumb Code     0  startup_stm32f10x_md.o(.text)
    EXTI2_IRQHandler                         0x0800011f   Thumb Code     0  startup_stm32f10x_md.o(.text)
    EXTI3_IRQHandler                         0x0800011f   Thumb Code     0  startup_stm32f10x_md.o(.text)
    EXTI4_IRQHandler                         0x0800011f   Thumb Code     0  startup_stm32f10x_md.o(.text)
    EXTI9_5_IRQHandler                       0x0800011f   Thumb Code     0  startup_stm32f10x_md.o(.text)
    FLASH_IRQHandler                         0x0800011f   Thumb Code     0  startup_stm32f10x_md.o(.text)
    I2C1_ER_IRQHandler                       0x0800011f   Thumb Code     0  startup_stm32f10x_md.o(.text)
    I2C1_EV_IRQHandler                       0x0800011f   Thumb Code     0  startup_stm32f10x_md.o(.text)
    I2C2_ER_IRQHandler                       0x0800011f   Thumb Code     0  startup_stm32f10x_md.o(.text)
    I2C2_EV_IRQHandler                       0x0800011f   Thumb Code     0  startup_stm32f10x_md.o(.text)
    PVD_IRQHandler                           0x0800011f   Thumb Code     0  startup_stm32f10x_md.o(.text)
    RCC_IRQHandler                           0x0800011f   Thumb Code     0  startup_stm32f10x_md.o(.text)
    RTCAlarm_IRQHandler                      0x0800011f   Thumb Code     0  startup_stm32f10x_md.o(.text)
    RTC_IRQHandler                           0x0800011f   Thumb Code     0  startup_stm32f10x_md.o(.text)
    SPI1_IRQHandler                          0x0800011f   Thumb Code     0  startup_stm32f10x_md.o(.text)
    SPI2_IRQHandler                          0x0800011f   Thumb Code     0  startup_stm32f10x_md.o(.text)
    TAMPER_IRQHandler                        0x0800011f   Thumb Code     0  startup_stm32f10x_md.o(.text)
    TIM1_BRK_IRQHandler                      0x0800011f   Thumb Code     0  startup_stm32f10x_md.o(.text)
    TIM1_CC_IRQHandler                       0x0800011f   Thumb Code     0  startup_stm32f10x_md.o(.text)
    TIM1_TRG_COM_IRQHandler                  0x0800011f   Thumb Code     0  startup_stm32f10x_md.o(.text)
    TIM2_IRQHandler                          0x0800011f   Thumb Code     0  startup_stm32f10x_md.o(.text)
    TIM3_IRQHandler                          0x0800011f   Thumb Code     0  startup_stm32f10x_md.o(.text)
    TIM4_IRQHandler                          0x0800011f   Thumb Code     0  startup_stm32f10x_md.o(.text)
    USBWakeUp_IRQHandler                     0x0800011f   Thumb Code     0  startup_stm32f10x_md.o(.text)
    USB_HP_CAN1_TX_IRQHandler                0x0800011f   Thumb Code     0  startup_stm32f10x_md.o(.text)
    USB_LP_CAN1_RX0_IRQHandler               0x0800011f   Thumb Code     0  startup_stm32f10x_md.o(.text)
    WWDG_IRQHandler                          0x0800011f   Thumb Code     0  startup_stm32f10x_md.o(.text)
    __aeabi_memcpy                           0x08000129   Thumb Code    36  memcpya.o(.text)
    __aeabi_memcpy4                          0x08000129   Thumb Code     0  memcpya.o(.text)
    __aeabi_memcpy8                          0x08000129   Thumb Code     0  memcpya.o(.text)
    __aeabi_memset                           0x0800014d   Thumb Code    14  memseta.o(.text)
    __aeabi_memset4                          0x0800014d   Thumb Code     0  memseta.o(.text)
    __aeabi_memset8                          0x0800014d   Thumb Code     0  memseta.o(.text)
    __aeabi_memclr                           0x0800015b   Thumb Code     4  memseta.o(.text)
    __aeabi_memclr4                          0x0800015b   Thumb Code     0  memseta.o(.text)
    __aeabi_memclr8                          0x0800015b   Thumb Code     0  memseta.o(.text)
    _memset$wrapper                          0x0800015f   Thumb Code    18  memseta.o(.text)
    strstr                                   0x08000171   Thumb Code    36  strstr.o(.text)
    atoi                                     0x08000195   Thumb Code    26  atoi.o(.text)
    __aeabi_fmul                             0x080001af   Thumb Code   100  fmul.o(.text)
    __aeabi_fdiv                             0x08000213   Thumb Code   124  fdiv.o(.text)
    __aeabi_dmul                             0x0800028f   Thumb Code   228  dmul.o(.text)
    __aeabi_ddiv                             0x08000373   Thumb Code   222  ddiv.o(.text)
    __aeabi_ui2f                             0x08000451   Thumb Code    10  ffltui.o(.text)
    __aeabi_i2d                              0x0800045b   Thumb Code    34  dflti.o(.text)
    __aeabi_f2iz                             0x0800047d   Thumb Code    50  ffixi.o(.text)
    __aeabi_d2uiz                            0x080004af   Thumb Code    50  dfixui.o(.text)
    __aeabi_f2d                              0x080004e1   Thumb Code    38  f2d.o(.text)
    __aeabi_cdrcmple                         0x08000509   Thumb Code    48  cdrcmple.o(.text)
    __aeabi_d2f                              0x08000539   Thumb Code    56  d2f.o(.text)
    __aeabi_uidiv                            0x08000571   Thumb Code     0  uidiv.o(.text)
    __aeabi_uidivmod                         0x08000571   Thumb Code    44  uidiv.o(.text)
    __aeabi_uldivmod                         0x0800059d   Thumb Code    98  uldiv.o(.text)
    __aeabi_llsr                             0x080005ff   Thumb Code    32  llushr.o(.text)
    _ll_ushift_r                             0x080005ff   Thumb Code     0  llushr.o(.text)
    __strtod_int                             0x08000657   Thumb Code    90  strtod.o(.text)
    strtol                                   0x080006bd   Thumb Code   112  strtol.o(.text)
    __I$use$fp                               0x0800072d   Thumb Code     0  iusefp.o(.text)
    _float_round                             0x0800072d   Thumb Code    18  fepilogue.o(.text)
    _float_epilogue                          0x0800073f   Thumb Code    92  fepilogue.o(.text)
    _double_round                            0x0800079b   Thumb Code    30  depilogue.o(.text)
    _double_epilogue                         0x080007b9   Thumb Code   156  depilogue.o(.text)
    __aeabi_dadd                             0x08000855   Thumb Code   322  dadd.o(.text)
    __aeabi_dsub                             0x08000997   Thumb Code     6  dadd.o(.text)
    __aeabi_drsub                            0x0800099d   Thumb Code     6  dadd.o(.text)
    _dsqrt                                   0x080009a3   Thumb Code   162  dsqrt.o(.text)
    __aeabi_d2ulz                            0x08000a45   Thumb Code    48  dfixul.o(.text)
    __aeabi_cdcmpeq                          0x08000a75   Thumb Code     0  cdcmple.o(.text)
    __aeabi_cdcmple                          0x08000a75   Thumb Code    48  cdcmple.o(.text)
    __scatterload                            0x08000aa5   Thumb Code    28  init.o(.text)
    __scatterload_rt2                        0x08000aa5   Thumb Code     0  init.o(.text)
    __aeabi_llsl                             0x08000ac9   Thumb Code    30  llshl.o(.text)
    _ll_shift_l                              0x08000ac9   Thumb Code     0  llshl.o(.text)
    __aeabi_lasr                             0x08000ae7   Thumb Code    36  llsshr.o(.text)
    _ll_sshift_r                             0x08000ae7   Thumb Code     0  llsshr.o(.text)
    __rt_ctype_table                         0x08000b0d   Thumb Code     4  ctype_o.o(.text)
    isspace                                  0x08000b15   Thumb Code    18  isspace_o.o(.text)
    _scanf_real                              0x08000c51   Thumb Code     0  scanf_fp.o(.text)
    _scanf_really_real                       0x08000c51   Thumb Code   556  scanf_fp.o(.text)
    _sgetc                                   0x08000e89   Thumb Code    30  _sgetc.o(.text)
    _sbackspace                              0x08000ea7   Thumb Code    34  _sgetc.o(.text)
    _strtoul                                 0x08000ec9   Thumb Code   158  _strtoul.o(.text)
    __ARM_scalbn                             0x08000f67   Thumb Code    46  dscalb.o(.text)
    scalbn                                   0x08000f67   Thumb Code     0  dscalb.o(.text)
    _chval                                   0x08000f95   Thumb Code    28  _chval.o(.text)
    __aeabi_ul2d                             0x08000fb1   Thumb Code    24  dfltul.o(.text)
    BusFault_Handler                         0x08000fc9   Thumb Code     4  stm32f10x_it.o(i.BusFault_Handler)
    DebugMon_Handler                         0x08000fcd   Thumb Code     2  stm32f10x_it.o(i.DebugMon_Handler)
    Delay_ms                                 0x08000fcf   Thumb Code    24  delay.o(i.Delay_ms)
    Delay_us                                 0x08000fe7   Thumb Code    46  delay.o(i.Delay_us)
    GPIO_Init                                0x08001015   Thumb Code   278  stm32f10x_gpio.o(i.GPIO_Init)
    GPIO_PinRemapConfig                      0x0800112d   Thumb Code   138  stm32f10x_gpio.o(i.GPIO_PinRemapConfig)
    GPIO_ReadInputDataBit                    0x080011bd   Thumb Code    18  stm32f10x_gpio.o(i.GPIO_ReadInputDataBit)
    GPIO_ReadOutputDataBit                   0x080011cf   Thumb Code    18  stm32f10x_gpio.o(i.GPIO_ReadOutputDataBit)
    GPIO_ResetBits                           0x080011e1   Thumb Code     4  stm32f10x_gpio.o(i.GPIO_ResetBits)
    GPIO_SetBits                             0x080011e5   Thumb Code     4  stm32f10x_gpio.o(i.GPIO_SetBits)
    GPIO_WriteBit                            0x080011e9   Thumb Code    10  stm32f10x_gpio.o(i.GPIO_WriteBit)
    HardFault_Handler                        0x080011f3   Thumb Code     4  stm32f10x_it.o(i.HardFault_Handler)
    IIC_Start                                0x080011f9   Thumb Code    36  oled.o(i.IIC_Start)
    IIC_Stop                                 0x08001221   Thumb Code    28  oled.o(i.IIC_Stop)
    IIC_WaitAck                              0x08001241   Thumb Code    20  oled.o(i.IIC_WaitAck)
    IIC_WriteByte                            0x08001259   Thumb Code    80  oled.o(i.IIC_WriteByte)
    IIC_WriteCommand                         0x080012ad   Thumb Code    44  oled.o(i.IIC_WriteCommand)
    IIC_WriteData                            0x080012d9   Thumb Code    44  oled.o(i.IIC_WriteData)
    Key_GetNum                               0x08001305   Thumb Code    56  key.o(i.Key_GetNum)
    Key_Init                                 0x08001345   Thumb Code    40  key.o(i.Key_Init)
    LED1_Turn                                0x08001371   Thumb Code    38  led.o(i.LED1_Turn)
    LED_Init                                 0x0800139d   Thumb Code    50  led.o(i.LED_Init)
    MAX30102_IIC_Ack                         0x080013d5   Thumb Code    48  max30102.o(i.MAX30102_IIC_Ack)
    MAX30102_IIC_Init                        0x0800140d   Thumb Code    52  max30102.o(i.MAX30102_IIC_Init)
    MAX30102_IIC_NAck                        0x0800144d   Thumb Code    48  max30102.o(i.MAX30102_IIC_NAck)
    MAX30102_IIC_Read_Byte                   0x08001485   Thumb Code    80  max30102.o(i.MAX30102_IIC_Read_Byte)
    MAX30102_IIC_SDA_IN                      0x080014dd   Thumb Code    32  max30102.o(i.MAX30102_IIC_SDA_IN)
    MAX30102_IIC_SDA_OUT                     0x08001501   Thumb Code    32  max30102.o(i.MAX30102_IIC_SDA_OUT)
    MAX30102_IIC_Send_Byte                   0x08001525   Thumb Code    72  max30102.o(i.MAX30102_IIC_Send_Byte)
    MAX30102_IIC_Start                       0x08001575   Thumb Code    46  max30102.o(i.MAX30102_IIC_Start)
    MAX30102_IIC_Stop                        0x080015ad   Thumb Code    44  max30102.o(i.MAX30102_IIC_Stop)
    MAX30102_IIC_Wait_Ack                    0x080015e1   Thumb Code    68  max30102.o(i.MAX30102_IIC_Wait_Ack)
    MAX30102_Init                            0x0800162d   Thumb Code   136  max30102.o(i.MAX30102_Init)
    MAX30102_Reset                           0x080016d1   Thumb Code    20  max30102.o(i.MAX30102_Reset)
    MPU6050_GetData                          0x080016e5   Thumb Code   172  mpu6050.o(i.MPU6050_GetData)
    MPU6050_Init                             0x08001791   Thumb Code    56  mpu6050.o(i.MPU6050_Init)
    MPU6050_ReadReg                          0x080017c9   Thumb Code    62  mpu6050.o(i.MPU6050_ReadReg)
    MPU6050_WriteReg                         0x08001807   Thumb Code    46  mpu6050.o(i.MPU6050_WriteReg)
    MemManage_Handler                        0x08001835   Thumb Code     4  stm32f10x_it.o(i.MemManage_Handler)
    MyI2C_Init                               0x08001839   Thumb Code    54  myi2c.o(i.MyI2C_Init)
    MyI2C_R_SDA                              0x08001879   Thumb Code    22  myi2c.o(i.MyI2C_R_SDA)
    MyI2C_ReceiveAck                         0x08001895   Thumb Code    30  myi2c.o(i.MyI2C_ReceiveAck)
    MyI2C_ReceiveByte                        0x080018b3   Thumb Code    52  myi2c.o(i.MyI2C_ReceiveByte)
    MyI2C_SendAck                            0x080018e7   Thumb Code    24  myi2c.o(i.MyI2C_SendAck)
    MyI2C_SendByte                           0x080018ff   Thumb Code    42  myi2c.o(i.MyI2C_SendByte)
    MyI2C_Start                              0x08001929   Thumb Code    28  myi2c.o(i.MyI2C_Start)
    MyI2C_Stop                               0x08001945   Thumb Code    22  myi2c.o(i.MyI2C_Stop)
    MyI2C_W_SCL                              0x0800195d   Thumb Code    22  myi2c.o(i.MyI2C_W_SCL)
    MyI2C_W_SDA                              0x08001979   Thumb Code    22  myi2c.o(i.MyI2C_W_SDA)
    NMI_Handler                              0x08001995   Thumb Code     2  stm32f10x_it.o(i.NMI_Handler)
    NVIC_Init                                0x08001999   Thumb Code   100  misc.o(i.NVIC_Init)
    NVIC_PriorityGroupConfig                 0x08001a09   Thumb Code    10  misc.o(i.NVIC_PriorityGroupConfig)
    OLED_Clear                               0x08001a1d   Thumb Code    62  oled.o(i.OLED_Clear)
    OLED_Init                                0x08001a5d   Thumb Code   308  oled.o(i.OLED_Init)
    OLED_SetPos                              0x08001b95   Thumb Code    40  oled.o(i.OLED_SetPos)
    OLED_ShowChar                            0x08001bbd   Thumb Code   154  oled.o(i.OLED_ShowChar)
    OLED_ShowNum                             0x08001c61   Thumb Code   136  oled.o(i.OLED_ShowNum)
    OLED_ShowString                          0x08001ce9   Thumb Code    58  oled.o(i.OLED_ShowString)
    OLED_WR_Byte                             0x08001d23   Thumb Code    24  oled.o(i.OLED_WR_Byte)
    PendSV_Handler                           0x08001d3b   Thumb Code     2  stm32f10x_it.o(i.PendSV_Handler)
    RCC_APB1PeriphClockCmd                   0x08001d3d   Thumb Code    26  stm32f10x_rcc.o(i.RCC_APB1PeriphClockCmd)
    RCC_APB1PeriphResetCmd                   0x08001d5d   Thumb Code    26  stm32f10x_rcc.o(i.RCC_APB1PeriphResetCmd)
    RCC_APB2PeriphClockCmd                   0x08001d7d   Thumb Code    26  stm32f10x_rcc.o(i.RCC_APB2PeriphClockCmd)
    RCC_APB2PeriphResetCmd                   0x08001d9d   Thumb Code    26  stm32f10x_rcc.o(i.RCC_APB2PeriphResetCmd)
    RCC_GetClocksFreq                        0x08001dbd   Thumb Code   192  stm32f10x_rcc.o(i.RCC_GetClocksFreq)
    SVC_Handler                              0x08001e91   Thumb Code     2  stm32f10x_it.o(i.SVC_Handler)
    Shake_Init                               0x08001f7d   Thumb Code    38  buzzer.o(i.Shake_Init)
    Shake_OFF                                0x08001fa9   Thumb Code    14  buzzer.o(i.Shake_OFF)
    Shake_ON                                 0x08001fbd   Thumb Code    14  buzzer.o(i.Shake_ON)
    SysTick_Handler                          0x08001fd1   Thumb Code     2  stm32f10x_it.o(i.SysTick_Handler)
    SystemInit                               0x08001fd5   Thumb Code    78  system_stm32f10x.o(i.SystemInit)
    TIM1_UP_IRQHandler                       0x08002035   Thumb Code    22  timer.o(i.TIM1_UP_IRQHandler)
    TIM_ClearITPendingBit                    0x08002051   Thumb Code     6  stm32f10x_tim.o(i.TIM_ClearITPendingBit)
    TIM_GetITStatus                          0x08002057   Thumb Code    34  stm32f10x_tim.o(i.TIM_GetITStatus)
    USART1_IRQHandler                        0x08002079   Thumb Code   122  usart.o(i.USART1_IRQHandler)
    USART2_IRQHandler                        0x08002101   Thumb Code   156  usart2.o(i.USART2_IRQHandler)
    USART3_IRQHandler                        0x080021b1   Thumb Code    30  usart3.o(i.USART3_IRQHandler)
    USART_Cmd                                0x080021d5   Thumb Code    24  stm32f10x_usart.o(i.USART_Cmd)
    USART_DeInit                             0x080021ed   Thumb Code   134  stm32f10x_usart.o(i.USART_DeInit)
    USART_GetFlagStatus                      0x08002289   Thumb Code    26  stm32f10x_usart.o(i.USART_GetFlagStatus)
    USART_GetITStatus                        0x080022a3   Thumb Code    84  stm32f10x_usart.o(i.USART_GetITStatus)
    USART_ITConfig                           0x080022f7   Thumb Code    74  stm32f10x_usart.o(i.USART_ITConfig)
    USART_Init                               0x08002341   Thumb Code   210  stm32f10x_usart.o(i.USART_Init)
    USART_ReceiveData                        0x08002419   Thumb Code    10  stm32f10x_usart.o(i.USART_ReceiveData)
    USART_SendData                           0x08002423   Thumb Code     8  stm32f10x_usart.o(i.USART_SendData)
    UsageFault_Handler                       0x0800242b   Thumb Code     4  stm32f10x_it.o(i.UsageFault_Handler)
    Usart3_SendByte                          0x08002431   Thumb Code    28  usart3.o(i.Usart3_SendByte)
    Usart3_SendString                        0x08002451   Thumb Code    26  usart3.o(i.Usart3_SendString)
    __0printf                                0x0800246d   Thumb Code    22  printfa.o(i.__0printf)
    __1printf                                0x0800246d   Thumb Code     0  printfa.o(i.__0printf)
    __2printf                                0x0800246d   Thumb Code     0  printfa.o(i.__0printf)
    __c89printf                              0x0800246d   Thumb Code     0  printfa.o(i.__0printf)
    printf                                   0x0800246d   Thumb Code     0  printfa.o(i.__0printf)
    __0sprintf                               0x0800248d   Thumb Code    34  printfa.o(i.__0sprintf)
    __1sprintf                               0x0800248d   Thumb Code     0  printfa.o(i.__0sprintf)
    __2sprintf                               0x0800248d   Thumb Code     0  printfa.o(i.__0sprintf)
    __c89sprintf                             0x0800248d   Thumb Code     0  printfa.o(i.__0sprintf)
    sprintf                                  0x0800248d   Thumb Code     0  printfa.o(i.__0sprintf)
    __ARM_fpclassify                         0x080024b5   Thumb Code    40  fpclassify.o(i.__ARM_fpclassify)
    __aeabi_errno_addr                       0x080024dd   Thumb Code     4  errno.o(i.__aeabi_errno_addr)
    __rt_errno_addr                          0x080024dd   Thumb Code     0  errno.o(i.__aeabi_errno_addr)
    __kernel_poly                            0x080024e5   Thumb Code   170  poly.o(i.__kernel_poly)
    __mathlib_dbl_infnan                     0x0800258f   Thumb Code     6  dunder.o(i.__mathlib_dbl_infnan)
    __mathlib_dbl_infnan2                    0x08002595   Thumb Code     4  dunder.o(i.__mathlib_dbl_infnan2)
    __mathlib_dbl_underflow                  0x08002599   Thumb Code    10  dunder.o(i.__mathlib_dbl_underflow)
    __scatterload_copy                       0x080025a9   Thumb Code    14  handlers.o(i.__scatterload_copy)
    __scatterload_null                       0x080025b7   Thumb Code     2  handlers.o(i.__scatterload_null)
    __scatterload_zeroinit                   0x080025b9   Thumb Code    14  handlers.o(i.__scatterload_zeroinit)
    __set_errno                              0x080025c9   Thumb Code     6  errno.o(i.__set_errno)
    _is_digit                                0x08002759   Thumb Code    14  scanf_fp.o(i._is_digit)
    app_init                                 0x08002e79   Thumb Code    74  app.o(i.app_init)
    app_run                                  0x08002ec3   Thumb Code    26  app.o(i.app_run)
    atan                                     0x08002edd   Thumb Code   474  atan.o(i.atan)
    atan2                                    0x080030fd   Thumb Code   374  atan2.o(i.atan2)
    bluetooth_deal                           0x08003299   Thumb Code   142  usart3.o(i.bluetooth_deal)
    calculate_angles                         0x08003375   Thumb Code   170  app.o(i.calculate_angles)
    detect_fall                              0x0800342d   Thumb Code   102  app.o(i.detect_fall)
    fputc                                    0x0800349d   Thumb Code    32  usart.o(i.fputc)
    key_deal                                 0x080034c1   Thumb Code    38  app.o(i.key_deal)
    main                                     0x080034ed   Thumb Code    12  main.o(i.main)
    max30102_Bus_Read                        0x080034f9   Thumb Code    82  max30102.o(i.max30102_Bus_Read)
    max30102_Bus_Write                       0x0800354b   Thumb Code    68  max30102.o(i.max30102_Bus_Write)
    max30102_FIFO_ReadBytes                  0x0800358f   Thumb Code   128  max30102.o(i.max30102_FIFO_ReadBytes)
    max_init                                 0x08003611   Thumb Code   240  max30102.o(i.max_init)
    max_show                                 0x08003739   Thumb Code   650  max30102.o(i.max_show)
    maxim_find_peaks                         0x08003a35   Thumb Code    66  max30102.o(i.maxim_find_peaks)
    maxim_heart_rate_and_oxygen_saturation   0x08003a79   Thumb Code  1272  max30102.o(i.maxim_heart_rate_and_oxygen_saturation)
    maxim_peaks_above_min_height             0x08003f79   Thumb Code   122  max30102.o(i.maxim_peaks_above_min_height)
    maxim_remove_close_peaks                 0x08003ff3   Thumb Code   114  max30102.o(i.maxim_remove_close_peaks)
    maxim_sort_ascend                        0x08004065   Thumb Code    54  max30102.o(i.maxim_sort_ascend)
    maxim_sort_indices_descend               0x0800409b   Thumb Code    64  max30102.o(i.maxim_sort_indices_descend)
    my_mem_free                              0x080040dd   Thumb Code    96  malloc.o(i.my_mem_free)
    my_mem_init                              0x08004149   Thumb Code    54  malloc.o(i.my_mem_init)
    my_mem_malloc                            0x0800418d   Thumb Code   156  malloc.o(i.my_mem_malloc)
    my_mem_perused                           0x08004235   Thumb Code    54  malloc.o(i.my_mem_perused)
    myfree                                   0x08004275   Thumb Code    30  malloc.o(i.myfree)
    mymalloc                                 0x08004299   Thumb Code    34  malloc.o(i.mymalloc)
    mymemset                                 0x080042c1   Thumb Code    20  malloc.o(i.mymemset)
    oled_pow                                 0x080042d5   Thumb Code    22  oled.o(i.oled_pow)
    oled_show                                0x080042ed   Thumb Code   330  app.o(i.oled_show)
    parseGpsBuffer                           0x08004485   Thumb Code   280  gps.o(i.parseGpsBuffer)
    printfGpsBuffer                          0x080045a5   Thumb Code   190  gps.o(i.printfGpsBuffer)
    sqrt                                     0x0800467d   Thumb Code    76  sqrt.o(i.sqrt)
    strtod                                   0x080046c9   Thumb Code    28  strtod.o(i.strtod)
    uart_init                                0x080046e5   Thumb Code   158  usart.o(i.uart_init)
    usart2_init                              0x0800478d   Thumb Code   154  usart2.o(i.usart2_init)
    usart3_init                              0x08004831   Thumb Code   158  usart3.o(i.usart3_init)
    USART2_MAX_RECV_LEN                      0x080048d8   Data           2  gps.o(.constdata)
    GPS_Buffer_Length                        0x080048da   Data           2  gps.o(.constdata)
    memtblsize                               0x080048dc   Data           8  malloc.o(.constdata)
    memblksize                               0x080048e4   Data           8  malloc.o(.constdata)
    memsize                                  0x080048ec   Data           8  malloc.o(.constdata)
    F6x8                                     0x080048f4   Data         552  oled.o(.constdata)
    F8X16                                    0x08004b1c   Data        1520  oled.o(.constdata)
    Hzk                                      0x0800510c   Data         128  oled.o(.constdata)
    auw_hamm                                 0x0800518c   Data          62  max30102.o(.constdata)
    uch_spo2_table                           0x080051ca   Data         184  max30102.o(.constdata)
    __mathlib_zero                           0x08005320   Data           8  qnan.o(.constdata)
    __ctype_table                            0x08005328   Data         129  ctype_o.o(.constdata)
    Region$$Table$$Base                      0x080053b0   Number         0  anon$$obj.o(Region$$Table)
    Region$$Table$$Limit                     0x080053d0   Number         0  anon$$obj.o(Region$$Table)
    hr_limit                                 0x20000014   Data           1  app.o(.data)
    model                                    0x20000015   Data           1  app.o(.data)
    ppm                                      0x20000018   Data           4  app.o(.data)
    detect_fall_flage                        0x2000001c   Data           1  app.o(.data)
    oled_stat                                0x2000001d   Data           1  app.o(.data)
    day                                      0x20000020   Data           4  app.o(.data)
    month                                    0x20000024   Data           4  app.o(.data)
    year                                     0x20000028   Data           4  app.o(.data)
    hours                                    0x2000002c   Data           4  app.o(.data)
    minutes                                  0x20000030   Data           4  app.o(.data)
    seconds                                  0x20000034   Data           4  app.o(.data)
    latitude                                 0x20000038   Data           8  gps.o(.data)
    longitude                                0x20000040   Data           8  gps.o(.data)
    pEnd                                     0x20000048   Data           4  gps.o(.data)
    UTCTime                                  0x2000004c   Data           4  gps.o(.data)
    date                                     0x20000050   Data           4  gps.o(.data)
    mallco_dev                               0x20000054   Data          28  malloc.o(.data)
    n_ir_buffer_length                       0x20000070   Data           4  max30102.o(.data)
    n_sp02                                   0x20000074   Data           4  max30102.o(.data)
    ch_spo2_valid                            0x20000078   Data           1  max30102.o(.data)
    n_heart_rate                             0x2000007c   Data           4  max30102.o(.data)
    ch_hr_valid                              0x20000080   Data           1  max30102.o(.data)
    Temp                                     0x20000081   Data           1  max30102.o(.data)
    un_min                                   0x20000084   Data           4  max30102.o(.data)
    un_max                                   0x20000088   Data           4  max30102.o(.data)
    un_prev_data                             0x2000008c   Data           4  max30102.o(.data)
    i                                        0x20000090   Data           4  max30102.o(.data)
    n_brightness                             0x20000094   Data           4  max30102.o(.data)
    f_temp                                   0x20000098   Data           4  max30102.o(.data)
    temp                                     0x2000009c   Data           6  max30102.o(.data)
    dis_hr                                   0x200000a4   Data           4  max30102.o(.data)
    dis_spo2                                 0x200000a8   Data           4  max30102.o(.data)
    dis_hr_upload                            0x200000ac   Data           4  max30102.o(.data)
    dis_spo2_upload                          0x200000b0   Data           4  max30102.o(.data)
    USART_RX_STA                             0x200000b4   Data           2  usart.o(.data)
    point1                                   0x200000b6   Data           2  usart2.o(.data)
    __stdout                                 0x200000b8   Data           4  stdout.o(.data)
    USAR2_RX_BUF                             0x200000c0   Data         200  gps.o(.bss)
    Save_Data                                0x20000188   Data         240  gps.o(.bss)
    mem1base                                 0x20000280   Data        1024  malloc.o(.bss)
    mem1mapbase                              0x20000680   Data          64  malloc.o(.bss)
    aun_ir_buffer                            0x200006c0   Data        2000  max30102.o(.bss)
    aun_red_buffer                           0x20000e90   Data        2000  max30102.o(.bss)
    str                                      0x20001660   Data         100  max30102.o(.bss)
    USART_RX_BUF                             0x20002e24   Data         200  usart.o(.bss)
    __initial_sp                             0x200032f0   Data           0  startup_stm32f10x_md.o(STACK)
    mem2base                                 0x68000000   Data          32  malloc.o(.ARM.__AT_0x68000000)
    mem2mapbase                              0x68000020   Data           2  malloc.o(.ARM.__AT_0x68000020)



==============================================================================

Memory Map of the image

  Image Entry point : 0x080000ed

  Load Region LR_IROM1 (Base: 0x08000000, Size: 0x00005490, Max: 0x00010000, ABSOLUTE)

    Execution Region ER_IROM1 (Exec base: 0x08000000, Load base: 0x08000000, Size: 0x000053d0, Max: 0x00010000, ABSOLUTE)

    Exec Addr    Load Addr    Size         Type   Attr      Idx    E Section Name        Object

    0x08000000   0x08000000   0x000000ec   Data   RO            3    RESET               startup_stm32f10x_md.o
    0x080000ec   0x080000ec   0x00000000   Code   RO         4250  * .ARM.Collect$$$$00000000  mc_w.l(entry.o)
    0x080000ec   0x080000ec   0x00000004   Code   RO         4571    .ARM.Collect$$$$00000001  mc_w.l(entry2.o)
    0x080000f0   0x080000f0   0x00000004   Code   RO         4574    .ARM.Collect$$$$00000004  mc_w.l(entry5.o)
    0x080000f4   0x080000f4   0x00000000   Code   RO         4576    .ARM.Collect$$$$00000008  mc_w.l(entry7b.o)
    0x080000f4   0x080000f4   0x00000000   Code   RO         4578    .ARM.Collect$$$$0000000A  mc_w.l(entry8b.o)
    0x080000f4   0x080000f4   0x00000008   Code   RO         4579    .ARM.Collect$$$$0000000B  mc_w.l(entry9a.o)
    0x080000fc   0x080000fc   0x00000004   Code   RO         4586    .ARM.Collect$$$$0000000E  mc_w.l(entry12b.o)
    0x08000100   0x08000100   0x00000000   Code   RO         4581    .ARM.Collect$$$$0000000F  mc_w.l(entry10a.o)
    0x08000100   0x08000100   0x00000000   Code   RO         4583    .ARM.Collect$$$$00000011  mc_w.l(entry11a.o)
    0x08000100   0x08000100   0x00000004   Code   RO         4572    .ARM.Collect$$$$00002712  mc_w.l(entry2.o)
    0x08000104   0x08000104   0x00000024   Code   RO            4    .text               startup_stm32f10x_md.o
    0x08000128   0x08000128   0x00000024   Code   RO         4253    .text               mc_w.l(memcpya.o)
    0x0800014c   0x0800014c   0x00000024   Code   RO         4255    .text               mc_w.l(memseta.o)
    0x08000170   0x08000170   0x00000024   Code   RO         4257    .text               mc_w.l(strstr.o)
    0x08000194   0x08000194   0x0000001a   Code   RO         4522    .text               mc_w.l(atoi.o)
    0x080001ae   0x080001ae   0x00000064   Code   RO         4524    .text               mf_w.l(fmul.o)
    0x08000212   0x08000212   0x0000007c   Code   RO         4526    .text               mf_w.l(fdiv.o)
    0x0800028e   0x0800028e   0x000000e4   Code   RO         4528    .text               mf_w.l(dmul.o)
    0x08000372   0x08000372   0x000000de   Code   RO         4530    .text               mf_w.l(ddiv.o)
    0x08000450   0x08000450   0x0000000a   Code   RO         4532    .text               mf_w.l(ffltui.o)
    0x0800045a   0x0800045a   0x00000022   Code   RO         4534    .text               mf_w.l(dflti.o)
    0x0800047c   0x0800047c   0x00000032   Code   RO         4536    .text               mf_w.l(ffixi.o)
    0x080004ae   0x080004ae   0x00000032   Code   RO         4538    .text               mf_w.l(dfixui.o)
    0x080004e0   0x080004e0   0x00000026   Code   RO         4540    .text               mf_w.l(f2d.o)
    0x08000506   0x08000506   0x00000002   PAD
    0x08000508   0x08000508   0x00000030   Code   RO         4542    .text               mf_w.l(cdrcmple.o)
    0x08000538   0x08000538   0x00000038   Code   RO         4544    .text               mf_w.l(d2f.o)
    0x08000570   0x08000570   0x0000002c   Code   RO         4588    .text               mc_w.l(uidiv.o)
    0x0800059c   0x0800059c   0x00000062   Code   RO         4590    .text               mc_w.l(uldiv.o)
    0x080005fe   0x080005fe   0x00000020   Code   RO         4592    .text               mc_w.l(llushr.o)
    0x0800061e   0x0800061e   0x00000002   PAD
    0x08000620   0x08000620   0x0000009c   Code   RO         4601    .text               mc_w.l(strtod.o)
    0x080006bc   0x080006bc   0x00000070   Code   RO         4603    .text               mc_w.l(strtol.o)
    0x0800072c   0x0800072c   0x00000000   Code   RO         4605    .text               mc_w.l(iusefp.o)
    0x0800072c   0x0800072c   0x0000006e   Code   RO         4606    .text               mf_w.l(fepilogue.o)
    0x0800079a   0x0800079a   0x000000ba   Code   RO         4608    .text               mf_w.l(depilogue.o)
    0x08000854   0x08000854   0x0000014e   Code   RO         4610    .text               mf_w.l(dadd.o)
    0x080009a2   0x080009a2   0x000000a2   Code   RO         4612    .text               mf_w.l(dsqrt.o)
    0x08000a44   0x08000a44   0x00000030   Code   RO         4614    .text               mf_w.l(dfixul.o)
    0x08000a74   0x08000a74   0x00000030   Code   RO         4616    .text               mf_w.l(cdcmple.o)
    0x08000aa4   0x08000aa4   0x00000024   Code   RO         4622    .text               mc_w.l(init.o)
    0x08000ac8   0x08000ac8   0x0000001e   Code   RO         4624    .text               mc_w.l(llshl.o)
    0x08000ae6   0x08000ae6   0x00000024   Code   RO         4626    .text               mc_w.l(llsshr.o)
    0x08000b0a   0x08000b0a   0x00000002   PAD
    0x08000b0c   0x08000b0c   0x00000008   Code   RO         4630    .text               mc_w.l(ctype_o.o)
    0x08000b14   0x08000b14   0x00000012   Code   RO         4652    .text               mc_w.l(isspace_o.o)
    0x08000b26   0x08000b26   0x00000002   PAD
    0x08000b28   0x08000b28   0x00000360   Code   RO         4658    .text               mc_w.l(scanf_fp.o)
    0x08000e88   0x08000e88   0x00000040   Code   RO         4662    .text               mc_w.l(_sgetc.o)
    0x08000ec8   0x08000ec8   0x0000009e   Code   RO         4664    .text               mc_w.l(_strtoul.o)
    0x08000f66   0x08000f66   0x0000002e   Code   RO         4666    .text               mf_w.l(dscalb.o)
    0x08000f94   0x08000f94   0x0000001c   Code   RO         4671    .text               mc_w.l(_chval.o)
    0x08000fb0   0x08000fb0   0x00000018   Code   RO         4673    .text               mf_w.l(dfltul.o)
    0x08000fc8   0x08000fc8   0x00000004   Code   RO         3272    i.BusFault_Handler  stm32f10x_it.o
    0x08000fcc   0x08000fcc   0x00000002   Code   RO         3273    i.DebugMon_Handler  stm32f10x_it.o
    0x08000fce   0x08000fce   0x00000018   Code   RO         4043    i.Delay_ms          delay.o
    0x08000fe6   0x08000fe6   0x0000002e   Code   RO         4045    i.Delay_us          delay.o
    0x08001014   0x08001014   0x00000116   Code   RO         1347    i.GPIO_Init         stm32f10x_gpio.o
    0x0800112a   0x0800112a   0x00000002   PAD
    0x0800112c   0x0800112c   0x00000090   Code   RO         1349    i.GPIO_PinRemapConfig  stm32f10x_gpio.o
    0x080011bc   0x080011bc   0x00000012   Code   RO         1351    i.GPIO_ReadInputDataBit  stm32f10x_gpio.o
    0x080011ce   0x080011ce   0x00000012   Code   RO         1353    i.GPIO_ReadOutputDataBit  stm32f10x_gpio.o
    0x080011e0   0x080011e0   0x00000004   Code   RO         1354    i.GPIO_ResetBits    stm32f10x_gpio.o
    0x080011e4   0x080011e4   0x00000004   Code   RO         1355    i.GPIO_SetBits      stm32f10x_gpio.o
    0x080011e8   0x080011e8   0x0000000a   Code   RO         1358    i.GPIO_WriteBit     stm32f10x_gpio.o
    0x080011f2   0x080011f2   0x00000004   Code   RO         3274    i.HardFault_Handler  stm32f10x_it.o
    0x080011f6   0x080011f6   0x00000002   PAD
    0x080011f8   0x080011f8   0x00000028   Code   RO         3575    i.IIC_Start         oled.o
    0x08001220   0x08001220   0x00000020   Code   RO         3576    i.IIC_Stop          oled.o
    0x08001240   0x08001240   0x00000018   Code   RO         3577    i.IIC_WaitAck       oled.o
    0x08001258   0x08001258   0x00000054   Code   RO         3578    i.IIC_WriteByte     oled.o
    0x080012ac   0x080012ac   0x0000002c   Code   RO         3579    i.IIC_WriteCommand  oled.o
    0x080012d8   0x080012d8   0x0000002c   Code   RO         3580    i.IIC_WriteData     oled.o
    0x08001304   0x08001304   0x00000040   Code   RO         3439    i.Key_GetNum        key.o
    0x08001344   0x08001344   0x0000002c   Code   RO         3440    i.Key_Init          key.o
    0x08001370   0x08001370   0x0000002c   Code   RO         3459    i.LED1_Turn         led.o
    0x0800139c   0x0800139c   0x00000038   Code   RO         3463    i.LED_Init          led.o
    0x080013d4   0x080013d4   0x00000038   Code   RO         3738    i.MAX30102_IIC_Ack  max30102.o
    0x0800140c   0x0800140c   0x00000040   Code   RO         3739    i.MAX30102_IIC_Init  max30102.o
    0x0800144c   0x0800144c   0x00000038   Code   RO         3740    i.MAX30102_IIC_NAck  max30102.o
    0x08001484   0x08001484   0x00000058   Code   RO         3742    i.MAX30102_IIC_Read_Byte  max30102.o
    0x080014dc   0x080014dc   0x00000024   Code   RO         3744    i.MAX30102_IIC_SDA_IN  max30102.o
    0x08001500   0x08001500   0x00000024   Code   RO         3745    i.MAX30102_IIC_SDA_OUT  max30102.o
    0x08001524   0x08001524   0x00000050   Code   RO         3746    i.MAX30102_IIC_Send_Byte  max30102.o
    0x08001574   0x08001574   0x00000038   Code   RO         3747    i.MAX30102_IIC_Start  max30102.o
    0x080015ac   0x080015ac   0x00000034   Code   RO         3748    i.MAX30102_IIC_Stop  max30102.o
    0x080015e0   0x080015e0   0x0000004c   Code   RO         3749    i.MAX30102_IIC_Wait_Ack  max30102.o
    0x0800162c   0x0800162c   0x000000a4   Code   RO         3752    i.MAX30102_Init     max30102.o
    0x080016d0   0x080016d0   0x00000014   Code   RO         3753    i.MAX30102_Reset    max30102.o
    0x080016e4   0x080016e4   0x000000ac   Code   RO         4001    i.MPU6050_GetData   mpu6050.o
    0x08001790   0x08001790   0x00000038   Code   RO         4003    i.MPU6050_Init      mpu6050.o
    0x080017c8   0x080017c8   0x0000003e   Code   RO         4004    i.MPU6050_ReadReg   mpu6050.o
    0x08001806   0x08001806   0x0000002e   Code   RO         4005    i.MPU6050_WriteReg  mpu6050.o
    0x08001834   0x08001834   0x00000004   Code   RO         3275    i.MemManage_Handler  stm32f10x_it.o
    0x08001838   0x08001838   0x00000040   Code   RO         3935    i.MyI2C_Init        myi2c.o
    0x08001878   0x08001878   0x0000001c   Code   RO         3936    i.MyI2C_R_SDA       myi2c.o
    0x08001894   0x08001894   0x0000001e   Code   RO         3937    i.MyI2C_ReceiveAck  myi2c.o
    0x080018b2   0x080018b2   0x00000034   Code   RO         3938    i.MyI2C_ReceiveByte  myi2c.o
    0x080018e6   0x080018e6   0x00000018   Code   RO         3939    i.MyI2C_SendAck     myi2c.o
    0x080018fe   0x080018fe   0x0000002a   Code   RO         3940    i.MyI2C_SendByte    myi2c.o
    0x08001928   0x08001928   0x0000001c   Code   RO         3941    i.MyI2C_Start       myi2c.o
    0x08001944   0x08001944   0x00000016   Code   RO         3942    i.MyI2C_Stop        myi2c.o
    0x0800195a   0x0800195a   0x00000002   PAD
    0x0800195c   0x0800195c   0x0000001c   Code   RO         3943    i.MyI2C_W_SCL       myi2c.o
    0x08001978   0x08001978   0x0000001c   Code   RO         3944    i.MyI2C_W_SDA       myi2c.o
    0x08001994   0x08001994   0x00000002   Code   RO         3276    i.NMI_Handler       stm32f10x_it.o
    0x08001996   0x08001996   0x00000002   PAD
    0x08001998   0x08001998   0x00000070   Code   RO          137    i.NVIC_Init         misc.o
    0x08001a08   0x08001a08   0x00000014   Code   RO          138    i.NVIC_PriorityGroupConfig  misc.o
    0x08001a1c   0x08001a1c   0x0000003e   Code   RO         3581    i.OLED_Clear        oled.o
    0x08001a5a   0x08001a5a   0x00000002   PAD
    0x08001a5c   0x08001a5c   0x00000138   Code   RO         3586    i.OLED_Init         oled.o
    0x08001b94   0x08001b94   0x00000028   Code   RO         3588    i.OLED_SetPos       oled.o
    0x08001bbc   0x08001bbc   0x000000a4   Code   RO         3590    i.OLED_ShowChar     oled.o
    0x08001c60   0x08001c60   0x00000088   Code   RO         3591    i.OLED_ShowNum      oled.o
    0x08001ce8   0x08001ce8   0x0000003a   Code   RO         3592    i.OLED_ShowString   oled.o
    0x08001d22   0x08001d22   0x00000018   Code   RO         3593    i.OLED_WR_Byte      oled.o
    0x08001d3a   0x08001d3a   0x00000002   Code   RO         3277    i.PendSV_Handler    stm32f10x_it.o
    0x08001d3c   0x08001d3c   0x00000020   Code   RO         1775    i.RCC_APB1PeriphClockCmd  stm32f10x_rcc.o
    0x08001d5c   0x08001d5c   0x00000020   Code   RO         1776    i.RCC_APB1PeriphResetCmd  stm32f10x_rcc.o
    0x08001d7c   0x08001d7c   0x00000020   Code   RO         1777    i.RCC_APB2PeriphClockCmd  stm32f10x_rcc.o
    0x08001d9c   0x08001d9c   0x00000020   Code   RO         1778    i.RCC_APB2PeriphResetCmd  stm32f10x_rcc.o
    0x08001dbc   0x08001dbc   0x000000d4   Code   RO         1785    i.RCC_GetClocksFreq  stm32f10x_rcc.o
    0x08001e90   0x08001e90   0x00000002   Code   RO         3278    i.SVC_Handler       stm32f10x_it.o
    0x08001e92   0x08001e92   0x00000008   Code   RO           24    i.SetSysClock       system_stm32f10x.o
    0x08001e9a   0x08001e9a   0x00000002   PAD
    0x08001e9c   0x08001e9c   0x000000e0   Code   RO           25    i.SetSysClockTo72   system_stm32f10x.o
    0x08001f7c   0x08001f7c   0x0000002c   Code   RO         3708    i.Shake_Init        buzzer.o
    0x08001fa8   0x08001fa8   0x00000014   Code   RO         3709    i.Shake_OFF         buzzer.o
    0x08001fbc   0x08001fbc   0x00000014   Code   RO         3710    i.Shake_ON          buzzer.o
    0x08001fd0   0x08001fd0   0x00000002   Code   RO         3279    i.SysTick_Handler   stm32f10x_it.o
    0x08001fd2   0x08001fd2   0x00000002   PAD
    0x08001fd4   0x08001fd4   0x00000060   Code   RO           27    i.SystemInit        system_stm32f10x.o
    0x08002034   0x08002034   0x0000001c   Code   RO         4086    i.TIM1_UP_IRQHandler  timer.o
    0x08002050   0x08002050   0x00000006   Code   RO         2416    i.TIM_ClearITPendingBit  stm32f10x_tim.o
    0x08002056   0x08002056   0x00000022   Code   RO         2442    i.TIM_GetITStatus   stm32f10x_tim.o
    0x08002078   0x08002078   0x00000088   Code   RO         4121    i.USART1_IRQHandler  usart.o
    0x08002100   0x08002100   0x000000b0   Code   RO         4152    i.USART2_IRQHandler  usart2.o
    0x080021b0   0x080021b0   0x00000024   Code   RO         4184    i.USART3_IRQHandler  usart3.o
    0x080021d4   0x080021d4   0x00000018   Code   RO         2960    i.USART_Cmd         stm32f10x_usart.o
    0x080021ec   0x080021ec   0x0000009c   Code   RO         2962    i.USART_DeInit      stm32f10x_usart.o
    0x08002288   0x08002288   0x0000001a   Code   RO         2963    i.USART_GetFlagStatus  stm32f10x_usart.o
    0x080022a2   0x080022a2   0x00000054   Code   RO         2964    i.USART_GetITStatus  stm32f10x_usart.o
    0x080022f6   0x080022f6   0x0000004a   Code   RO         2966    i.USART_ITConfig    stm32f10x_usart.o
    0x08002340   0x08002340   0x000000d8   Code   RO         2967    i.USART_Init        stm32f10x_usart.o
    0x08002418   0x08002418   0x0000000a   Code   RO         2974    i.USART_ReceiveData  stm32f10x_usart.o
    0x08002422   0x08002422   0x00000008   Code   RO         2977    i.USART_SendData    stm32f10x_usart.o
    0x0800242a   0x0800242a   0x00000004   Code   RO         3280    i.UsageFault_Handler  stm32f10x_it.o
    0x0800242e   0x0800242e   0x00000002   PAD
    0x08002430   0x08002430   0x00000020   Code   RO         4186    i.Usart3_SendByte   usart3.o
    0x08002450   0x08002450   0x0000001a   Code   RO         4187    i.Usart3_SendString  usart3.o
    0x0800246a   0x0800246a   0x00000002   PAD
    0x0800246c   0x0800246c   0x00000020   Code   RO         4494    i.__0printf         mc_w.l(printfa.o)
    0x0800248c   0x0800248c   0x00000028   Code   RO         4496    i.__0sprintf        mc_w.l(printfa.o)
    0x080024b4   0x080024b4   0x00000028   Code   RO         4618    i.__ARM_fpclassify  m_ws.l(fpclassify.o)
    0x080024dc   0x080024dc   0x00000008   Code   RO         4594    i.__aeabi_errno_addr  mc_w.l(errno.o)
    0x080024e4   0x080024e4   0x000000aa   Code   RO         4620    i.__kernel_poly     m_ws.l(poly.o)
    0x0800258e   0x0800258e   0x00000006   Code   RO         4557    i.__mathlib_dbl_infnan  m_ws.l(dunder.o)
    0x08002594   0x08002594   0x00000004   Code   RO         4558    i.__mathlib_dbl_infnan2  m_ws.l(dunder.o)
    0x08002598   0x08002598   0x00000010   Code   RO         4562    i.__mathlib_dbl_underflow  m_ws.l(dunder.o)
    0x080025a8   0x080025a8   0x0000000e   Code   RO         4677    i.__scatterload_copy  mc_w.l(handlers.o)
    0x080025b6   0x080025b6   0x00000002   Code   RO         4678    i.__scatterload_null  mc_w.l(handlers.o)
    0x080025b8   0x080025b8   0x0000000e   Code   RO         4679    i.__scatterload_zeroinit  mc_w.l(handlers.o)
    0x080025c6   0x080025c6   0x00000002   PAD
    0x080025c8   0x080025c8   0x0000000c   Code   RO         4596    i.__set_errno       mc_w.l(errno.o)
    0x080025d4   0x080025d4   0x00000184   Code   RO         4501    i._fp_digits        mc_w.l(printfa.o)
    0x08002758   0x08002758   0x0000000e   Code   RO         4660    i._is_digit         mc_w.l(scanf_fp.o)
    0x08002766   0x08002766   0x00000002   PAD
    0x08002768   0x08002768   0x000006b4   Code   RO         4502    i._printf_core      mc_w.l(printfa.o)
    0x08002e1c   0x08002e1c   0x00000024   Code   RO         4503    i._printf_post_padding  mc_w.l(printfa.o)
    0x08002e40   0x08002e40   0x0000002e   Code   RO         4504    i._printf_pre_padding  mc_w.l(printfa.o)
    0x08002e6e   0x08002e6e   0x0000000a   Code   RO         4506    i._sputc            mc_w.l(printfa.o)
    0x08002e78   0x08002e78   0x0000004a   Code   RO         3335    i.app_init          app.o
    0x08002ec2   0x08002ec2   0x0000001a   Code   RO         3336    i.app_run           app.o
    0x08002edc   0x08002edc   0x00000220   Code   RO         4547    i.atan              m_ws.l(atan.o)
    0x080030fc   0x080030fc   0x0000019c   Code   RO         4231    i.atan2             m_ws.l(atan2.o)
    0x08003298   0x08003298   0x000000dc   Code   RO         4188    i.bluetooth_deal    usart3.o
    0x08003374   0x08003374   0x000000b8   Code   RO         3337    i.calculate_angles  app.o
    0x0800342c   0x0800342c   0x00000070   Code   RO         3338    i.detect_fall       app.o
    0x0800349c   0x0800349c   0x00000024   Code   RO         4122    i.fputc             usart.o
    0x080034c0   0x080034c0   0x0000002c   Code   RO         3339    i.key_deal          app.o
    0x080034ec   0x080034ec   0x0000000c   Code   RO         3196    i.main              main.o
    0x080034f8   0x080034f8   0x00000052   Code   RO         3754    i.max30102_Bus_Read  max30102.o
    0x0800354a   0x0800354a   0x00000044   Code   RO         3755    i.max30102_Bus_Write  max30102.o
    0x0800358e   0x0800358e   0x00000080   Code   RO         3756    i.max30102_FIFO_ReadBytes  max30102.o
    0x0800360e   0x0800360e   0x00000002   PAD
    0x08003610   0x08003610   0x00000128   Code   RO         3758    i.max_init          max30102.o
    0x08003738   0x08003738   0x000002fc   Code   RO         3759    i.max_show          max30102.o
    0x08003a34   0x08003a34   0x00000042   Code   RO         3760    i.maxim_find_peaks  max30102.o
    0x08003a76   0x08003a76   0x00000002   PAD
    0x08003a78   0x08003a78   0x00000500   Code   RO         3761    i.maxim_heart_rate_and_oxygen_saturation  max30102.o
    0x08003f78   0x08003f78   0x0000007a   Code   RO         3765    i.maxim_peaks_above_min_height  max30102.o
    0x08003ff2   0x08003ff2   0x00000072   Code   RO         3766    i.maxim_remove_close_peaks  max30102.o
    0x08004064   0x08004064   0x00000036   Code   RO         3767    i.maxim_sort_ascend  max30102.o
    0x0800409a   0x0800409a   0x00000040   Code   RO         3768    i.maxim_sort_indices_descend  max30102.o
    0x080040da   0x080040da   0x00000002   PAD
    0x080040dc   0x080040dc   0x0000006c   Code   RO         3505    i.my_mem_free       malloc.o
    0x08004148   0x08004148   0x00000044   Code   RO         3506    i.my_mem_init       malloc.o
    0x0800418c   0x0800418c   0x000000a8   Code   RO         3507    i.my_mem_malloc     malloc.o
    0x08004234   0x08004234   0x00000040   Code   RO         3508    i.my_mem_perused    malloc.o
    0x08004274   0x08004274   0x00000024   Code   RO         3509    i.myfree            malloc.o
    0x08004298   0x08004298   0x00000028   Code   RO         3510    i.mymalloc          malloc.o
    0x080042c0   0x080042c0   0x00000014   Code   RO         3512    i.mymemset          malloc.o
    0x080042d4   0x080042d4   0x00000016   Code   RO         3594    i.oled_pow          oled.o
    0x080042ea   0x080042ea   0x00000002   PAD
    0x080042ec   0x080042ec   0x00000198   Code   RO         3340    i.oled_show         app.o
    0x08004484   0x08004484   0x00000120   Code   RO         3406    i.parseGpsBuffer    gps.o
    0x080045a4   0x080045a4   0x000000d8   Code   RO         3407    i.printfGpsBuffer   gps.o
    0x0800467c   0x0800467c   0x0000004c   Code   RO         4239    i.sqrt              m_ws.l(sqrt.o)
    0x080046c8   0x080046c8   0x0000001c   Code   RO         4247    i.strtod            m_ws.l(strtod.o)
    0x080046e4   0x080046e4   0x000000a8   Code   RO         4123    i.uart_init         usart.o
    0x0800478c   0x0800478c   0x000000a4   Code   RO         4153    i.usart2_init       usart2.o
    0x08004830   0x08004830   0x000000a8   Code   RO         4189    i.usart3_init       usart3.o
    0x080048d8   0x080048d8   0x00000004   Data   RO         3409    .constdata          gps.o
    0x080048dc   0x080048dc   0x00000018   Data   RO         3517    .constdata          malloc.o
    0x080048f4   0x080048f4   0x00000898   Data   RO         3595    .constdata          oled.o
    0x0800518c   0x0800518c   0x000000f6   Data   RO         3770    .constdata          max30102.o
    0x08005282   0x08005282   0x00000006   PAD
    0x08005288   0x08005288   0x00000098   Data   RO         4548    .constdata          m_ws.l(atan.o)
    0x08005320   0x08005320   0x00000008   Data   RO         4570    .constdata          m_ws.l(qnan.o)
    0x08005328   0x08005328   0x00000081   Data   RO         4631    .constdata          mc_w.l(ctype_o.o)
    0x080053a9   0x080053a9   0x00000003   PAD
    0x080053ac   0x080053ac   0x00000004   Data   RO         4632    .constdata          mc_w.l(ctype_o.o)
    0x080053b0   0x080053b0   0x00000020   Data   RO         4675    Region$$Table       anon$$obj.o


    Execution Region RW_IRAM1 (Exec base: 0x20000000, Load base: 0x080053d0, Size: 0x000032f0, Max: 0x00005000, ABSOLUTE)

    Exec Addr    Load Addr    Size         Type   Attr      Idx    E Section Name        Object

    0x20000000   0x080053d0   0x00000014   Data   RW         1805    .data               stm32f10x_rcc.o
    0x20000014   0x080053e4   0x00000024   Data   RW         3341    .data               app.o
    0x20000038   0x08005408   0x0000001c   Data   RW         3410    .data               gps.o
    0x20000054   0x08005424   0x0000001c   Data   RW         3518    .data               malloc.o
    0x20000070   0x08005440   0x00000044   Data   RW         3771    .data               max30102.o
    0x200000b4   0x08005484   0x00000002   Data   RW         4125    .data               usart.o
    0x200000b6   0x08005486   0x00000002   Data   RW         4154    .data               usart2.o
    0x200000b8   0x08005488   0x00000004   Data   RW         4587    .data               mc_w.l(stdout.o)
    0x200000bc   0x0800548c   0x00000004   Data   RW         4597    .data               mc_w.l(errno.o)
    0x200000c0        -       0x000001b8   Zero   RW         3408    .bss                gps.o
    0x20000278   0x08005490   0x00000008   PAD
    0x20000280        -       0x00000440   Zero   RW         3516    .bss                malloc.o
    0x200006c0        -       0x00002764   Zero   RW         3769    .bss                max30102.o
    0x20002e24        -       0x000000c8   Zero   RW         4124    .bss                usart.o
    0x20002eec   0x08005490   0x00000004   PAD
    0x20002ef0        -       0x00000400   Zero   RW            1    STACK               startup_stm32f10x_md.o



  Load Region LR$$.ARM.__AT_0x68000000 (Base: 0x68000000, Size: 0x00000000, Max: 0x00000020, ABSOLUTE)

    Execution Region ER$$.ARM.__AT_0x68000000 (Exec base: 0x68000000, Load base: 0x68000000, Size: 0x00000020, Max: 0x00000020, ABSOLUTE, UNINIT)

    Exec Addr    Load Addr    Size         Type   Attr      Idx    E Section Name        Object

    0x68000000        -       0x00000020   Zero   RW         3514    .ARM.__AT_0x68000000  malloc.o



  Load Region LR$$.ARM.__AT_0x68000020 (Base: 0x68000020, Size: 0x00000000, Max: 0x00000004, ABSOLUTE)

    Execution Region ER$$.ARM.__AT_0x68000020 (Exec base: 0x68000020, Load base: 0x68000020, Size: 0x00000004, Max: 0x00000004, ABSOLUTE, UNINIT)

    Exec Addr    Load Addr    Size         Type   Attr      Idx    E Section Name        Object

    0x68000020        -       0x00000002   Zero   RW         3515    .ARM.__AT_0x68000020  malloc.o


==============================================================================

Image component sizes


      Code (inc. data)   RO Data    RW Data    ZI Data      Debug   Object Name

       848        108          0         36          0       3703   app.o
        84         18          0          0          0       1204   buzzer.o
         0          0          0          0          0       4548   core_cm3.o
        70          0          0          0          0        858   delay.o
       504         42          4         28        440       2599   gps.o
       108         12          0          0          0        872   key.o
       100         12          0          0          0        811   led.o
        12          0          0          0          0       1655   main.o
       504         60         24         28       1122       5573   malloc.o
      3822        306        246         68      10084      16741   max30102.o
       132         22          0          0          0     204575   misc.o
       336          0          0          0          0       2566   mpu6050.o
       346         28          0          0          0       4470   myi2c.o
      1086         30       2200          0          0       8298   oled.o
        36          8        236          0       1024        796   startup_stm32f10x_md.o
         0          0          0          0          0       1620   stm32f10x_adc.o
       476          6          0          0          0      13371   stm32f10x_gpio.o
        26          0          0          0          0       3386   stm32f10x_it.o
       340         44          0         20          0      13728   stm32f10x_rcc.o
        40          0          0          0          0      21790   stm32f10x_tim.o
       598         28          0          0          0      12068   stm32f10x_usart.o
       328         28          0          0          0      24621   system_stm32f10x.o
        28          6          0          0          0        405   timer.o
       340         28          0          2        200       2124   usart.o
       340         30          0          2          0       1339   usart2.o
       482         98          0          0          0       2729   usart3.o

    ----------------------------------------------------------------------
     11012        914       2748        184      12884     356450   Object Totals
         0          0         32          0          0          0   (incl. Generated)
        26          0          6          0         14          0   (incl. Padding)

    ----------------------------------------------------------------------

      Code (inc. data)   RO Data    RW Data    ZI Data      Debug   Library Member Name

       544         70        152          0          0        124   atan.o
       412         38          0          0          0        144   atan2.o
        26          6          0          0          0        204   dunder.o
        40          0          0          0          0         68   fpclassify.o
       170          0          0          0          0         96   poly.o
         0          0          8          0          0          0   qnan.o
        76          0          0          0          0         84   sqrt.o
        28          0          0          0          0         80   strtod.o
        28          0          0          0          0         68   _chval.o
        64          0          0          0          0         84   _sgetc.o
       158          0          0          0          0         92   _strtoul.o
        26          0          0          0          0         80   atoi.o
         8          4        133          0          0         68   ctype_o.o
         0          0          0          0          0          0   entry.o
         0          0          0          0          0          0   entry10a.o
         0          0          0          0          0          0   entry11a.o
         4          0          0          0          0          0   entry12b.o
         8          4          0          0          0          0   entry2.o
         4          0          0          0          0          0   entry5.o
         0          0          0          0          0          0   entry7b.o
         0          0          0          0          0          0   entry8b.o
         8          4          0          0          0          0   entry9a.o
        20         10          0          4          0        136   errno.o
        30          0          0          0          0          0   handlers.o
        36          8          0          0          0         68   init.o
        18          0          0          0          0         76   isspace_o.o
         0          0          0          0          0          0   iusefp.o
        30          0          0          0          0         68   llshl.o
        36          0          0          0          0         68   llsshr.o
        32          0          0          0          0         68   llushr.o
        36          0          0          0          0         68   memcpya.o
        36          0          0          0          0        108   memseta.o
      2268         96          0          0          0        616   printfa.o
       878         12          0          0          0        216   scanf_fp.o
         0          0          0          4          0          0   stdout.o
        36          0          0          0          0         80   strstr.o
       156         12          0          0          0        120   strtod.o
       112          0          0          0          0         88   strtol.o
        44          0          0          0          0         80   uidiv.o
        98          0          0          0          0         92   uldiv.o
        48          0          0          0          0         68   cdcmple.o
        48          0          0          0          0         68   cdrcmple.o
        56          0          0          0          0         88   d2f.o
       334          0          0          0          0        148   dadd.o
       222          0          0          0          0        100   ddiv.o
       186          0          0          0          0        176   depilogue.o
        50          0          0          0          0         76   dfixui.o
        48          0          0          0          0         68   dfixul.o
        34          0          0          0          0         76   dflti.o
        24          0          0          0          0         76   dfltul.o
       228          0          0          0          0         96   dmul.o
        46          0          0          0          0         80   dscalb.o
       162          0          0          0          0        100   dsqrt.o
        38          0          0          0          0         68   f2d.o
       124          0          0          0          0         88   fdiv.o
       110          0          0          0          0        168   fepilogue.o
        50          0          0          0          0         68   ffixi.o
        10          0          0          0          0         68   ffltui.o
       100          0          0          0          0         76   fmul.o

    ----------------------------------------------------------------------
      7400        264        296          8          0       4900   Library Totals
        12          0          3          0          0          0   (incl. Padding)

    ----------------------------------------------------------------------

      Code (inc. data)   RO Data    RW Data    ZI Data      Debug   Library Name

      1296        114        160          0          0        800   m_ws.l
      4174        150        133          8          0       2344   mc_w.l
      1918          0          0          0          0       1756   mf_w.l

    ----------------------------------------------------------------------
      7400        264        296          8          0       4900   Library Totals

    ----------------------------------------------------------------------

==============================================================================


      Code (inc. data)   RO Data    RW Data    ZI Data      Debug   

     18412       1178       3044        192      12884     352558   Grand Totals
     18412       1178       3044        192      12884     352558   ELF Image Totals
     18412       1178       3044        192          0          0   ROM Totals

==============================================================================

    Total RO  Size (Code + RO Data)                21456 (  20.95kB)
    Total RW  Size (RW Data + ZI Data)             13076 (  12.77kB)
    Total ROM Size (Code + RO Data + RW Data)      21648 (  21.14kB)

==============================================================================

